Archive member included to satisfy reference by file (symbol)

c:/program files (x86)/atmel/studio/7.0/toolchain/arm/arm-gnu-toolchain/bin/../lib/gcc/arm-none-eabi/6.3.1/../../../../arm-none-eabi/lib/thumb/v7e-m\libc.a(lib_a-exit.o)
                              c:/program files (x86)/atmel/studio/7.0/toolchain/arm/arm-gnu-toolchain/bin/../lib/gcc/arm-none-eabi/6.3.1/../../../../arm-none-eabi/lib/thumb/v7e-m/crt0.o (exit)
c:/program files (x86)/atmel/studio/7.0/toolchain/arm/arm-gnu-toolchain/bin/../lib/gcc/arm-none-eabi/6.3.1/../../../../arm-none-eabi/lib/thumb/v7e-m\libc.a(lib_a-impure.o)
                              c:/program files (x86)/atmel/studio/7.0/toolchain/arm/arm-gnu-toolchain/bin/../lib/gcc/arm-none-eabi/6.3.1/../../../../arm-none-eabi/lib/thumb/v7e-m\libc.a(lib_a-exit.o) (_global_impure_ptr)
c:/program files (x86)/atmel/studio/7.0/toolchain/arm/arm-gnu-toolchain/bin/../lib/gcc/arm-none-eabi/6.3.1/../../../../arm-none-eabi/lib/thumb/v7e-m\libc.a(lib_a-init.o)
                              c:/program files (x86)/atmel/studio/7.0/toolchain/arm/arm-gnu-toolchain/bin/../lib/gcc/arm-none-eabi/6.3.1/../../../../arm-none-eabi/lib/thumb/v7e-m/crt0.o (__libc_init_array)
c:/program files (x86)/atmel/studio/7.0/toolchain/arm/arm-gnu-toolchain/bin/../lib/gcc/arm-none-eabi/6.3.1/../../../../arm-none-eabi/lib/thumb/v7e-m\libc.a(lib_a-iprintf.o)
                              src/example.o (iprintf)
c:/program files (x86)/atmel/studio/7.0/toolchain/arm/arm-gnu-toolchain/bin/../lib/gcc/arm-none-eabi/6.3.1/../../../../arm-none-eabi/lib/thumb/v7e-m\libc.a(lib_a-memcpy.o)
                              src/example.o (memcpy)
c:/program files (x86)/atmel/studio/7.0/toolchain/arm/arm-gnu-toolchain/bin/../lib/gcc/arm-none-eabi/6.3.1/../../../../arm-none-eabi/lib/thumb/v7e-m\libc.a(lib_a-memset.o)
                              c:/program files (x86)/atmel/studio/7.0/toolchain/arm/arm-gnu-toolchain/bin/../lib/gcc/arm-none-eabi/6.3.1/../../../../arm-none-eabi/lib/thumb/v7e-m/crt0.o (memset)
c:/program files (x86)/atmel/studio/7.0/toolchain/arm/arm-gnu-toolchain/bin/../lib/gcc/arm-none-eabi/6.3.1/../../../../arm-none-eabi/lib/thumb/v7e-m\libc.a(lib_a-setbuf.o)
                              src/example.o (setbuf)
c:/program files (x86)/atmel/studio/7.0/toolchain/arm/arm-gnu-toolchain/bin/../lib/gcc/arm-none-eabi/6.3.1/../../../../arm-none-eabi/lib/thumb/v7e-m\libc.a(lib_a-setvbuf.o)
                              c:/program files (x86)/atmel/studio/7.0/toolchain/arm/arm-gnu-toolchain/bin/../lib/gcc/arm-none-eabi/6.3.1/../../../../arm-none-eabi/lib/thumb/v7e-m\libc.a(lib_a-setbuf.o) (setvbuf)
c:/program files (x86)/atmel/studio/7.0/toolchain/arm/arm-gnu-toolchain/bin/../lib/gcc/arm-none-eabi/6.3.1/../../../../arm-none-eabi/lib/thumb/v7e-m\libc.a(lib_a-vfiprintf.o)
                              c:/program files (x86)/atmel/studio/7.0/toolchain/arm/arm-gnu-toolchain/bin/../lib/gcc/arm-none-eabi/6.3.1/../../../../arm-none-eabi/lib/thumb/v7e-m\libc.a(lib_a-iprintf.o) (_vfiprintf_r)
c:/program files (x86)/atmel/studio/7.0/toolchain/arm/arm-gnu-toolchain/bin/../lib/gcc/arm-none-eabi/6.3.1/../../../../arm-none-eabi/lib/thumb/v7e-m\libc.a(lib_a-wsetup.o)
                              c:/program files (x86)/atmel/studio/7.0/toolchain/arm/arm-gnu-toolchain/bin/../lib/gcc/arm-none-eabi/6.3.1/../../../../arm-none-eabi/lib/thumb/v7e-m\libc.a(lib_a-vfiprintf.o) (__swsetup_r)
c:/program files (x86)/atmel/studio/7.0/toolchain/arm/arm-gnu-toolchain/bin/../lib/gcc/arm-none-eabi/6.3.1/../../../../arm-none-eabi/lib/thumb/v7e-m\libc.a(lib_a-__call_atexit.o)
                              c:/program files (x86)/atmel/studio/7.0/toolchain/arm/arm-gnu-toolchain/bin/../lib/gcc/arm-none-eabi/6.3.1/../../../../arm-none-eabi/lib/thumb/v7e-m\libc.a(lib_a-exit.o) (__call_exitprocs)
c:/program files (x86)/atmel/studio/7.0/toolchain/arm/arm-gnu-toolchain/bin/../lib/gcc/arm-none-eabi/6.3.1/../../../../arm-none-eabi/lib/thumb/v7e-m\libc.a(lib_a-atexit.o)
                              c:/program files (x86)/atmel/studio/7.0/toolchain/arm/arm-gnu-toolchain/bin/../lib/gcc/arm-none-eabi/6.3.1/../../../../arm-none-eabi/lib/thumb/v7e-m\libc.a(lib_a-__call_atexit.o) (atexit)
c:/program files (x86)/atmel/studio/7.0/toolchain/arm/arm-gnu-toolchain/bin/../lib/gcc/arm-none-eabi/6.3.1/../../../../arm-none-eabi/lib/thumb/v7e-m\libc.a(lib_a-fflush.o)
                              c:/program files (x86)/atmel/studio/7.0/toolchain/arm/arm-gnu-toolchain/bin/../lib/gcc/arm-none-eabi/6.3.1/../../../../arm-none-eabi/lib/thumb/v7e-m\libc.a(lib_a-setvbuf.o) (_fflush_r)
c:/program files (x86)/atmel/studio/7.0/toolchain/arm/arm-gnu-toolchain/bin/../lib/gcc/arm-none-eabi/6.3.1/../../../../arm-none-eabi/lib/thumb/v7e-m\libc.a(lib_a-findfp.o)
                              c:/program files (x86)/atmel/studio/7.0/toolchain/arm/arm-gnu-toolchain/bin/../lib/gcc/arm-none-eabi/6.3.1/../../../../arm-none-eabi/lib/thumb/v7e-m\libc.a(lib_a-setvbuf.o) (__sinit)
[...]
Memory Configuration

Name             Origin             Length             Attributes
rom              0x00400000         0x00080000         xr
ram              0x20000000         0x00028000         xrw
*default*        0x00000000         0xffffffff

Linker script and memory map

LOAD c:/program files (x86)/atmel/studio/7.0/toolchain/arm/arm-gnu-toolchain/bin/../lib/gcc/arm-none-eabi/6.3.1/thumb/v7e-m/crti.o
LOAD c:/program files (x86)/atmel/studio/7.0/toolchain/arm/arm-gnu-toolchain/bin/../lib/gcc/arm-none-eabi/6.3.1/thumb/v7e-m/crtbegin.o
LOAD c:/program files (x86)/atmel/studio/7.0/toolchain/arm/arm-gnu-toolchain/bin/../lib/gcc/arm-none-eabi/6.3.1/../../../../arm-none-eabi/lib/thumb/v7e-m/crt0.o
LOAD src/ASF/common/components/memory/sd_mmc/sd_mmc.o
LOAD src/ASF/common/components/memory/sd_mmc/sd_mmc_mem.o
LOAD src/ASF/common/components/memory/sd_mmc/sd_mmc_spi.o
LOAD src/ASF/common/services/clock/samg/sysclk.o
LOAD src/ASF/common/services/delay/sam/cycle_counter.o
LOAD src/ASF/common/services/serial/usart_serial.o
LOAD src/ASF/common/services/sleepmgr/sam/sleepmgr.o
LOAD src/ASF/common/services/spi/sam_spi/spi_master.o
LOAD src/ASF/common/services/storage/ctrl_access/ctrl_access.o
LOAD src/ASF/common/utils/interrupt/interrupt_sam_nvic.o
LOAD src/ASF/common/utils/stdio/read.o
LOAD src/ASF/common/utils/stdio/write.o
LOAD src/ASF/sam/boards/samg55_xplained_pro/board_init.o
LOAD src/ASF/sam/drivers/efc/efc.o
LOAD src/ASF/sam/drivers/flexcom/flexcom.o
LOAD src/ASF/sam/drivers/pmc/pmc.o
LOAD src/ASF/sam/drivers/pmc/sleep.o
LOAD src/ASF/sam/drivers/rtc/rtc.o
LOAD src/ASF/sam/drivers/spi/spi.o
LOAD src/ASF/sam/drivers/supc/supc.o
LOAD src/ASF/sam/drivers/usart/usart.o
LOAD src/ASF/sam/utils/cmsis/samg/samg55/source/templates/gcc/startup_samg55.o
LOAD src/ASF/sam/utils/cmsis/samg/samg55/source/templates/system_samg55.o
LOAD src/ASF/sam/utils/syscalls/gcc/syscalls.o
LOAD src/ASF/thirdparty/fatfs/fatfs-port-r0.09/diskio.o
LOAD src/ASF/thirdparty/fatfs/fatfs-port-r0.09/sam/fattime_rtc.o
LOAD src/ASF/thirdparty/fatfs/fatfs-r0.09/src/ff.o
LOAD src/ASF/thirdparty/fatfs/fatfs-r0.09/src/option/ccsbcs.o
LOAD src/example.o
START GROUP
LOAD ../src/ASF/thirdparty/CMSIS/Lib/GCC\libarm_cortexM4lf_math_softfp.a
LOAD c:/program files (x86)/atmel/studio/7.0/toolchain/arm/arm-gnu-toolchain/bin/../lib/gcc/arm-none-eabi/6.3.1/../../../../arm-none-eabi/lib/thumb/v7e-m\libm.a
END GROUP
START GROUP
LOAD c:/program files (x86)/atmel/studio/7.0/toolchain/arm/arm-gnu-toolchain/bin/../lib/gcc/arm-none-eabi/6.3.1/thumb/v7e-m\libgcc.a
LOAD c:/program files (x86)/atmel/studio/7.0/toolchain/arm/arm-gnu-toolchain/bin/../lib/gcc/arm-none-eabi/6.3.1/../../../../arm-none-eabi/lib/thumb/v7e-m\libc.a
END GROUP
LOAD c:/program files (x86)/atmel/studio/7.0/toolchain/arm/arm-gnu-toolchain/bin/../lib/gcc/arm-none-eabi/6.3.1/thumb/v7e-m/crtend.o
LOAD c:/program files (x86)/atmel/studio/7.0/toolchain/arm/arm-gnu-toolchain/bin/../lib/gcc/arm-none-eabi/6.3.1/thumb/v7e-m/crtn.o
                0x00003000                __stack_size__ = DEFINED (__stack_size__)?__stack_size__:0x3000
                0x20027ffc                __ram_end__ = ((ORIGIN (ram) + LENGTH (ram)) - 0x4)

.text           0x00400000     0x8db4
                0x00400000                . = ALIGN (0x4)
                0x00400000                _sfixed = .
 *(.vectors .vectors.*)
 .vectors       0x00400000      0x148 src/ASF/sam/utils/cmsis/samg/samg55/source/templates/gcc/startup_samg55.o
                0x00400000                exception_table
 *(.text .text.* .gnu.linkonce.t.*)
 .text          0x00400148       0x6c c:/program files (x86)/atmel/studio/7.0/toolchain/arm/arm-gnu-toolchain/bin/../lib/gcc/arm-none-eabi/6.3.1/thumb/v7e-m/crtbegin.o
 .text.sd_mmc_configure_slot
                0x004001b4       0x2c src/ASF/common/components/memory/sd_mmc/sd_mmc.o
 .text.sd_mmc_select_slot
                0x004001e0       0xfc src/ASF/common/components/memory/sd_mmc/sd_mmc.o
 .text.sdio_cmd52
                0x004002dc       0x38 src/ASF/common/components/memory/sd_mmc/sd_mmc.o
 .text.sd_mmc_cmd13
                0x00400314       0x38 src/ASF/common/components/memory/sd_mmc/sd_mmc.o
 .text.sd_mmc_cmd9_spi
                0x0040034c       0x50 src/ASF/common/components/memory/sd_mmc/sd_mmc.o
 .text.sd_mmc_deselect_slot
                0x0040039c       0x1c src/ASF/common/components/memory/sd_mmc/sd_mmc.o
 .text.sd_mmc_init
                0x004003b8       0x2c src/ASF/common/components/memory/sd_mmc/sd_mmc.o
                0x004003b8                sd_mmc_init
 .text.sd_mmc_check
                0x004003e4      0x5cc src/ASF/common/components/memory/sd_mmc/sd_mmc.o
                0x004003e4                sd_mmc_check
 .text.sd_mmc_get_type
                0x004009b0       0x24 src/ASF/common/components/memory/sd_mmc/sd_mmc.o
                0x004009b0                sd_mmc_get_type
 .text.sd_mmc_get_capacity
                0x004009d4       0x24 src/ASF/common/components/memory/sd_mmc/sd_mmc.o
                0x004009d4                sd_mmc_get_capacity
 .text.sd_mmc_is_write_protected
                0x004009f8        0x4 src/ASF/common/components/memory/sd_mmc/sd_mmc.o
                0x004009f8                sd_mmc_is_write_protected
 .text.sd_mmc_init_read_blocks
                0x004009fc       0x84 src/ASF/common/components/memory/sd_mmc/sd_mmc.o
                0x004009fc                sd_mmc_init_read_blocks
 .text.sd_mmc_start_read_blocks
                0x00400a80       0x28 src/ASF/common/components/memory/sd_mmc/sd_mmc.o
                0x00400a80                sd_mmc_start_read_blocks
 .text.sd_mmc_wait_end_of_read_blocks
                0x00400aa8       0x68 src/ASF/common/components/memory/sd_mmc/sd_mmc.o
                0x00400aa8                sd_mmc_wait_end_of_read_blocks
 .text.sd_mmc_init_write_blocks
                0x00400b10       0x70 src/ASF/common/components/memory/sd_mmc/sd_mmc.o
                0x00400b10                sd_mmc_init_write_blocks
 .text.sd_mmc_start_write_blocks
                0x00400b80       0x28 src/ASF/common/components/memory/sd_mmc/sd_mmc.o
                0x00400b80                sd_mmc_start_write_blocks
 .text.sd_mmc_wait_end_of_write_blocks
                0x00400ba8       0x38 src/ASF/common/components/memory/sd_mmc/sd_mmc.o
                0x00400ba8                sd_mmc_wait_end_of_write_blocks
 .text.sd_mmc_test_unit_ready
                0x00400be0       0x50 src/ASF/common/components/memory/sd_mmc/sd_mmc_mem.o
                0x00400be0                sd_mmc_test_unit_ready
 .text.sd_mmc_test_unit_ready_0
                0x00400c30       0x10 src/ASF/common/components/memory/sd_mmc/sd_mmc_mem.o
                0x00400c30                sd_mmc_test_unit_ready_0
 .text.sd_mmc_read_capacity
                0x00400c40       0x20 src/ASF/common/components/memory/sd_mmc/sd_mmc_mem.o
                0x00400c40                sd_mmc_read_capacity
 .text.sd_mmc_read_capacity_0
                0x00400c60       0x10 src/ASF/common/components/memory/sd_mmc/sd_mmc_mem.o
                0x00400c60                sd_mmc_read_capacity_0
 .text.sd_mmc_wr_protect_0
                0x00400c70       0x10 src/ASF/common/components/memory/sd_mmc/sd_mmc_mem.o
                0x00400c70                sd_mmc_wr_protect_0
 .text.sd_mmc_mem_2_ram
                0x00400c80       0x3c src/ASF/common/components/memory/sd_mmc/sd_mmc_mem.o
                0x00400c80                sd_mmc_mem_2_ram
 .text.sd_mmc_mem_2_ram_0
                0x00400cbc       0x14 src/ASF/common/components/memory/sd_mmc/sd_mmc_mem.o
                0x00400cbc                sd_mmc_mem_2_ram_0
 .text.sd_mmc_spi_start_write_block
                0x00400cd0       0x44 src/ASF/common/components/memory/sd_mmc/sd_mmc_spi.o
 .text.sd_mmc_spi_wait_busy
                0x00400d14       0x58 src/ASF/common/components/memory/sd_mmc/sd_mmc_spi.o
 .text.sd_mmc_spi_stop_multiwrite_block
                0x00400d6c       0x78 src/ASF/common/components/memory/sd_mmc/sd_mmc_spi.o
 .text.sd_mmc_spi_start_read_block
                0x00400de4       0x60 src/ASF/common/components/memory/sd_mmc/sd_mmc_spi.o
 .text.sd_mmc_spi_stop_write_block
                0x00400e44       0x68 src/ASF/common/components/memory/sd_mmc/sd_mmc_spi.o
 .text.sd_mmc_spi_init
                0x00400eac       0x30 src/ASF/common/components/memory/sd_mmc/sd_mmc_spi.o
                0x00400eac                sd_mmc_spi_init
 .text.sd_mmc_spi_select_device
                0x00400edc       0x40 src/ASF/common/components/memory/sd_mmc/sd_mmc_spi.o
                0x00400edc                sd_mmc_spi_select_device
 .text.sd_mmc_spi_deselect_device
                0x00400f1c       0x28 src/ASF/common/components/memory/sd_mmc/sd_mmc_spi.o
                0x00400f1c                sd_mmc_spi_deselect_device
 .text.sd_mmc_spi_send_clock
                0x00400f44       0x38 src/ASF/common/components/memory/sd_mmc/sd_mmc_spi.o
                0x00400f44                sd_mmc_spi_send_clock
 .text.sd_mmc_spi_adtc_start
                0x00400f7c      0x188 src/ASF/common/components/memory/sd_mmc/sd_mmc_spi.o
                0x00400f7c                sd_mmc_spi_adtc_start
 .text.sd_mmc_spi_send_cmd
                0x00401104       0x18 src/ASF/common/components/memory/sd_mmc/sd_mmc_spi.o
                0x00401104                sd_mmc_spi_send_cmd
 .text.sd_mmc_spi_get_response
                0x0040111c        0xc src/ASF/common/components/memory/sd_mmc/sd_mmc_spi.o
                0x0040111c                sd_mmc_spi_get_response
 .text.sd_mmc_spi_read_word
                0x00401128       0x74 src/ASF/common/components/memory/sd_mmc/sd_mmc_spi.o
                0x00401128                sd_mmc_spi_read_word
 .text.sd_mmc_spi_start_read_blocks
                0x0040119c       0x7c src/ASF/common/components/memory/sd_mmc/sd_mmc_spi.o
                0x0040119c                sd_mmc_spi_start_read_blocks
 .text.sd_mmc_spi_wait_end_of_read_blocks
                0x00401218        0x4 src/ASF/common/components/memory/sd_mmc/sd_mmc_spi.o
                0x00401218                sd_mmc_spi_wait_end_of_read_blocks
 .text.sd_mmc_spi_start_write_blocks
                0x0040121c       0x80 src/ASF/common/components/memory/sd_mmc/sd_mmc_spi.o
                0x0040121c                sd_mmc_spi_start_write_blocks
 .text.sd_mmc_spi_wait_end_of_write_blocks
                0x0040129c       0x28 src/ASF/common/components/memory/sd_mmc/sd_mmc_spi.o
                0x0040129c                sd_mmc_spi_wait_end_of_write_blocks
 .text.sysclk_init
                0x004012c4       0xb0 src/ASF/common/services/clock/samg/sysclk.o
                0x004012c4                sysclk_init
 .text.spi_master_init
                0x00401374       0x68 src/ASF/common/services/spi/sam_spi/spi_master.o
                0x00401374                spi_master_init
 .text.spi_master_setup_device
                0x004013dc       0x80 src/ASF/common/services/spi/sam_spi/spi_master.o
                0x004013dc                spi_master_setup_device
 .text.spi_select_device
                0x0040145c       0x30 src/ASF/common/services/spi/sam_spi/spi_master.o
                0x0040145c                spi_select_device
 .text.spi_deselect_device
                0x0040148c       0x20 src/ASF/common/services/spi/sam_spi/spi_master.o
                0x0040148c                spi_deselect_device
 .text.spi_write_packet
                0x004014ac       0x36 src/ASF/common/services/spi/sam_spi/spi_master.o
                0x004014ac                spi_write_packet
 .text.spi_read_packet
                0x004014e2       0x54 src/ASF/common/services/spi/sam_spi/spi_master.o
                0x004014e2                spi_read_packet
 *fill*         0x00401536        0x2 
 .text.mem_test_unit_ready
                0x00401538       0x14 src/ASF/common/services/storage/ctrl_access/ctrl_access.o
                0x00401538                mem_test_unit_ready
 .text.mem_read_capacity
                0x0040154c       0x14 src/ASF/common/services/storage/ctrl_access/ctrl_access.o
                0x0040154c                mem_read_capacity
 .text.mem_sector_size
                0x00401560        0x8 src/ASF/common/services/storage/ctrl_access/ctrl_access.o
                0x00401560                mem_sector_size
 .text.mem_wr_protect
                0x00401568       0x14 src/ASF/common/services/storage/ctrl_access/ctrl_access.o
                0x00401568                mem_wr_protect
 .text.memory_2_ram
                0x0040157c       0x18 src/ASF/common/services/storage/ctrl_access/ctrl_access.o
                0x0040157c                memory_2_ram
 .text._read    0x00401594       0x3c src/ASF/common/utils/stdio/read.o
                0x00401594                _read
 .text._write   0x004015d0       0x50 src/ASF/common/utils/stdio/write.o
                0x004015d0                _write
 .text.system_board_init
                0x00401620      0x150 src/ASF/sam/boards/samg55_xplained_pro/board_init.o
                0x00401620                board_init
                0x00401620                system_board_init
 .text.flexcom_enable
                0x00401770      0x18c src/ASF/sam/drivers/flexcom/flexcom.o
                0x00401770                flexcom_enable
 .text.flexcom_set_opmode
                0x004018fc        0x4 src/ASF/sam/drivers/flexcom/flexcom.o
                0x004018fc                flexcom_set_opmode
 .text.pmc_switch_mck_to_pllack
                0x00401900       0x64 src/ASF/sam/drivers/pmc/pmc.o
                0x00401900                pmc_switch_mck_to_pllack
 .text.pmc_switch_sclk_to_32kxtal
                0x00401964       0x24 src/ASF/sam/drivers/pmc/pmc.o
                0x00401964                pmc_switch_sclk_to_32kxtal
 .text.pmc_osc_is_ready_32kxtal
                0x00401988       0x20 src/ASF/sam/drivers/pmc/pmc.o
                0x00401988                pmc_osc_is_ready_32kxtal
 .text.pmc_disable_pllack
                0x004019a8        0xc src/ASF/sam/drivers/pmc/pmc.o
                0x004019a8                pmc_disable_pllack
 .text.pmc_is_locked_pllack
                0x004019b4       0x10 src/ASF/sam/drivers/pmc/pmc.o
                0x004019b4                pmc_is_locked_pllack
 .text.pmc_enable_periph_clk
                0x004019c4       0x54 src/ASF/sam/drivers/pmc/pmc.o
                0x004019c4                pmc_enable_periph_clk
 .text.pmc_switch_pck_to_mck
                0x00401a18       0x3c src/ASF/sam/drivers/pmc/pmc.o
                0x00401a18                pmc_switch_pck_to_mck
 .text.pmc_enable_pck
                0x00401a54       0x14 src/ASF/sam/drivers/pmc/pmc.o
                0x00401a54                pmc_enable_pck
 .text.pmc_disable_pck
                0x00401a68       0x14 src/ASF/sam/drivers/pmc/pmc.o
                0x00401a68                pmc_disable_pck
 .text.rtc_get_time
                0x00401a7c       0x5a src/ASF/sam/drivers/rtc/rtc.o
                0x00401a7c                rtc_get_time
 .text.rtc_get_date
                0x00401ad6       0x72 src/ASF/sam/drivers/rtc/rtc.o
                0x00401ad6                rtc_get_date
 .text.spi_set_peripheral_chip_select_value
                0x00401b48       0x16 src/ASF/sam/drivers/spi/spi.o
                0x00401b48                spi_set_peripheral_chip_select_value
 .text.spi_set_delay_between_chip_select
                0x00401b5e       0x12 src/ASF/sam/drivers/spi/spi.o
                0x00401b5e                spi_set_delay_between_chip_select
 .text.spi_set_clock_polarity
                0x00401b70       0x1e src/ASF/sam/drivers/spi/spi.o
                0x00401b70                spi_set_clock_polarity
 .text.spi_set_clock_phase
                0x00401b8e       0x1e src/ASF/sam/drivers/spi/spi.o
                0x00401b8e                spi_set_clock_phase
 .text.spi_configure_cs_behavior
                0x00401bac       0x46 src/ASF/sam/drivers/spi/spi.o
                0x00401bac                spi_configure_cs_behavior
 .text.spi_set_bits_per_transfer
                0x00401bf2       0x14 src/ASF/sam/drivers/spi/spi.o
                0x00401bf2                spi_set_bits_per_transfer
 .text.spi_calc_baudrate_div
                0x00401c06       0x16 src/ASF/sam/drivers/spi/spi.o
                0x00401c06                spi_calc_baudrate_div
 .text.spi_set_baudrate_div
                0x00401c1c       0x28 src/ASF/sam/drivers/spi/spi.o
                0x00401c1c                spi_set_baudrate_div
 .text.spi_set_transfer_delay
                0x00401c44       0x1e src/ASF/sam/drivers/spi/spi.o
                0x00401c44                spi_set_transfer_delay
 .text.supc_set_regulator_trim_user
                0x00401c62       0x1a src/ASF/sam/drivers/supc/supc.o
                0x00401c62                supc_set_regulator_trim_user
 .text.usart_set_async_baudrate
                0x00401c7c       0x5a src/ASF/sam/drivers/usart/usart.o
                0x00401c7c                usart_set_async_baudrate
 *fill*         0x00401cd6        0x2 
 .text.usart_reset
                0x00401cd8       0x28 src/ASF/sam/drivers/usart/usart.o
                0x00401cd8                usart_reset
 .text.usart_init_rs232
                0x00401d00       0x54 src/ASF/sam/drivers/usart/usart.o
                0x00401d00                usart_init_rs232
 .text.usart_enable_tx
                0x00401d54        0x6 src/ASF/sam/drivers/usart/usart.o
                0x00401d54                usart_enable_tx
 .text.usart_enable_rx
                0x00401d5a        0x6 src/ASF/sam/drivers/usart/usart.o
                0x00401d5a                usart_enable_rx
 .text.usart_write
                0x00401d60       0x14 src/ASF/sam/drivers/usart/usart.o
                0x00401d60                usart_write
 .text.usart_read
                0x00401d74       0x18 src/ASF/sam/drivers/usart/usart.o
                0x00401d74                usart_read
 .text.Dummy_Handler
                0x00401d8c        0x2 src/ASF/sam/utils/cmsis/samg/samg55/source/templates/gcc/startup_samg55.o
                0x00401d8c                FLEXCOM1_Handler
                0x00401d8c                DebugMon_Handler
                0x00401d8c                HardFault_Handler
                0x00401d8c                TC2_Handler
                0x00401d8c                FLEXCOM4_Handler
                0x00401d8c                SysTick_Handler
                0x00401d8c                PendSV_Handler
                0x00401d8c                NMI_Handler
                0x00401d8c                ADC_Handler
                0x00401d8c                CRCCU_Handler
                0x00401d8c                RTT_Handler
                0x00401d8c                FLEXCOM6_Handler
                0x00401d8c                PIOB_Handler
                0x00401d8c                RTC_Handler
                0x00401d8c                UsageFault_Handler
                0x00401d8c                FLEXCOM0_Handler
                0x00401d8c                PDMIC1_Handler
                0x00401d8c                WDT_Handler
                0x00401d8c                TC4_Handler
                0x00401d8c                TC1_Handler
                0x00401d8c                TC3_Handler
                0x00401d8c                ARM_Handler
                0x00401d8c                Dummy_Handler
                0x00401d8c                PIOA_Handler
                0x00401d8c                MEM2MEM_Handler
                0x00401d8c                PMC_Handler
                0x00401d8c                PDMIC0_Handler
                0x00401d8c                MemManage_Handler
                0x00401d8c                SUPC_Handler
                0x00401d8c                SVC_Handler
                0x00401d8c                UHP_Handler
                0x00401d8c                EFC_Handler
                0x00401d8c                FLEXCOM7_Handler
                0x00401d8c                I2SC0_Handler
                0x00401d8c                I2SC1_Handler
                0x00401d8c                FLEXCOM2_Handler
                0x00401d8c                UDP_Handler
                0x00401d8c                FLEXCOM3_Handler
                0x00401d8c                BusFault_Handler
                0x00401d8c                RSTC_Handler
                0x00401d8c                TC0_Handler
                0x00401d8c                FLEXCOM5_Handler
                0x00401d8c                TC5_Handler
 *fill*         0x00401d8e        0x2 
 .text.Reset_Handler
                0x00401d90       0xdc src/ASF/sam/utils/cmsis/samg/samg55/source/templates/gcc/startup_samg55.o
                0x00401d90                Reset_Handler
 .text.SystemCoreClockUpdate
                0x00401e6c       0xe8 src/ASF/sam/utils/cmsis/samg/samg55/source/templates/system_samg55.o
                0x00401e6c                SystemCoreClockUpdate
 .text.system_init_flash
                0x00401f54       0x74 src/ASF/sam/utils/cmsis/samg/samg55/source/templates/system_samg55.o
                0x00401f54                system_init_flash
 .text._sbrk    0x00401fc8       0x38 src/ASF/sam/utils/syscalls/gcc/syscalls.o
                0x00401fc8                _sbrk
 .text._close   0x00402000        0x6 src/ASF/sam/utils/syscalls/gcc/syscalls.o
                0x00402000                _close
 .text._fstat   0x00402006        0xa src/ASF/sam/utils/syscalls/gcc/syscalls.o
                0x00402006                _fstat
 .text._isatty  0x00402010        0x4 src/ASF/sam/utils/syscalls/gcc/syscalls.o
                0x00402010                _isatty
 .text._lseek   0x00402014        0x4 src/ASF/sam/utils/syscalls/gcc/syscalls.o
                0x00402014                _lseek
 .text.disk_initialize
                0x00402018       0x40 src/ASF/thirdparty/fatfs/fatfs-port-r0.09/diskio.o
                0x00402018                disk_initialize
 .text.disk_status
                0x00402058       0x1c src/ASF/thirdparty/fatfs/fatfs-port-r0.09/diskio.o
                0x00402058                disk_status
 .text.disk_read
                0x00402074       0x70 src/ASF/thirdparty/fatfs/fatfs-port-r0.09/diskio.o
                0x00402074                disk_read
 .text.disk_write
                0x004020e4       0x80 src/ASF/thirdparty/fatfs/fatfs-port-r0.09/diskio.o
                0x004020e4                disk_write
 .text.disk_ioctl
                0x00402164       0x70 src/ASF/thirdparty/fatfs/fatfs-port-r0.09/diskio.o
                0x00402164                disk_ioctl
 .text.get_fattime
                0x004021d4       0x58 src/ASF/thirdparty/fatfs/fatfs-port-r0.09/sam/fattime_rtc.o
                0x004021d4                get_fattime
 .text.mem_cpy  0x0040222c       0x14 src/ASF/thirdparty/fatfs/fatfs-r0.09/src/ff.o
 .text.mem_set  0x00402240        0xe src/ASF/thirdparty/fatfs/fatfs-r0.09/src/ff.o
 .text.clust2sect
                0x0040224e       0x16 src/ASF/thirdparty/fatfs/fatfs-r0.09/src/ff.o
 .text.sum_sfn  0x00402264       0x1e src/ASF/thirdparty/fatfs/fatfs-r0.09/src/ff.o
 *fill*         0x00402282        0x2 
 .text.validate
                0x00402284       0x34 src/ASF/thirdparty/fatfs/fatfs-r0.09/src/ff.o
 .text.check_fs
                0x004022b8       0x90 src/ASF/thirdparty/fatfs/fatfs-r0.09/src/ff.o
 .text.chk_mounted
                0x00402348      0x36c src/ASF/thirdparty/fatfs/fatfs-r0.09/src/ff.o
 .text.move_window
                0x004026b4       0x90 src/ASF/thirdparty/fatfs/fatfs-r0.09/src/ff.o
 .text.get_fat  0x00402744       0xe8 src/ASF/thirdparty/fatfs/fatfs-r0.09/src/ff.o
 .text.dir_sdi  0x0040282c       0xa4 src/ASF/thirdparty/fatfs/fatfs-r0.09/src/ff.o
 .text.put_fat  0x004028d0      0x134 src/ASF/thirdparty/fatfs/fatfs-r0.09/src/ff.o
 .text.create_chain
                0x00402a04       0xc0 src/ASF/thirdparty/fatfs/fatfs-r0.09/src/ff.o
 .text.remove_chain
                0x00402ac4       0x7c src/ASF/thirdparty/fatfs/fatfs-r0.09/src/ff.o
 .text.dir_next
                0x00402b40      0x138 src/ASF/thirdparty/fatfs/fatfs-r0.09/src/ff.o
 .text.dir_find
                0x00402c78      0x1ac src/ASF/thirdparty/fatfs/fatfs-r0.09/src/ff.o
 .text.dir_register
                0x00402e24      0x2dc src/ASF/thirdparty/fatfs/fatfs-r0.09/src/ff.o
 .text.sync     0x00403100       0xcc src/ASF/thirdparty/fatfs/fatfs-r0.09/src/ff.o
 .text.follow_path
                0x004031cc      0x31c src/ASF/thirdparty/fatfs/fatfs-r0.09/src/ff.o
 .text.f_mount  0x004034e8       0x28 src/ASF/thirdparty/fatfs/fatfs-r0.09/src/ff.o
                0x004034e8                f_mount
 .text.f_open   0x00403510      0x198 src/ASF/thirdparty/fatfs/fatfs-r0.09/src/ff.o
                0x00403510                f_open
 .text.f_write  0x004036a8      0x208 src/ASF/thirdparty/fatfs/fatfs-r0.09/src/ff.o
                0x004036a8                f_write
 .text.f_sync   0x004038b0       0x98 src/ASF/thirdparty/fatfs/fatfs-r0.09/src/ff.o
                0x004038b0                f_sync
 .text.f_close  0x00403948       0x18 src/ASF/thirdparty/fatfs/fatfs-r0.09/src/ff.o
                0x00403948                f_close
 .text.f_putc   0x00403960       0x2c src/ASF/thirdparty/fatfs/fatfs-r0.09/src/ff.o
                0x00403960                f_putc
 .text.f_puts   0x0040398c       0x30 src/ASF/thirdparty/fatfs/fatfs-r0.09/src/ff.o
                0x0040398c                f_puts
 .text.ff_convert
                0x004039bc       0x40 src/ASF/thirdparty/fatfs/fatfs-r0.09/src/option/ccsbcs.o
                0x004039bc                ff_convert
 .text.ff_wtoupper
                0x004039fc       0x34 src/ASF/thirdparty/fatfs/fatfs-r0.09/src/option/ccsbcs.o
                0x004039fc                ff_wtoupper
 .text.usart_serial_getchar
                0x00403a30      0x104 src/example.o
 .text.usart_serial_putchar
                0x00403b34       0xec src/example.o
 .text.main     0x00403c20      0x460 src/example.o
                0x00403c20                main
 .text.__libc_init_array
                0x00404080       0x50 c:/program files (x86)/atmel/studio/7.0/toolchain/arm/arm-gnu-toolchain/bin/../lib/gcc/arm-none-eabi/6.3.1/../../../../arm-none-eabi/lib/thumb/v7e-m\libc.a(lib_a-init.o)
                0x00404080                __libc_init_array
 .text.iprintf  0x004040d0       0x28 c:/program files (x86)/atmel/studio/7.0/toolchain/arm/arm-gnu-toolchain/bin/../lib/gcc/arm-none-eabi/6.3.1/../../../../arm-none-eabi/lib/thumb/v7e-m\libc.a(lib_a-iprintf.o)
                0x004040d0                iprintf
 .text          0x004040f8      0x134 c:/program files (x86)/atmel/studio/7.0/toolchain/arm/arm-gnu-toolchain/bin/../lib/gcc/arm-none-eabi/6.3.1/../../../../arm-none-eabi/lib/thumb/v7e-m\libc.a(lib_a-memcpy.o)
                0x004040f8                memcpy
 .text.memset   0x0040422c       0x9c c:/program files (x86)/atmel/studio/7.0/toolchain/arm/arm-gnu-toolchain/bin/../lib/gcc/arm-none-eabi/6.3.1/../../../../arm-none-eabi/lib/thumb/v7e-m\libc.a(lib_a-memset.o)
                0x0040422c                memset
 .text.setbuf   0x004042c8       0x10 c:/program files (x86)/atmel/studio/7.0/toolchain/arm/arm-gnu-toolchain/bin/../lib/gcc/arm-none-eabi/6.3.1/../../../../arm-none-eabi/lib/thumb/v7e-m\libc.a(lib_a-setbuf.o)
                0x004042c8                setbuf
 .text.setvbuf  0x004042d8      0x190 c:/program files (x86)/atmel/studio/7.0/toolchain/arm/arm-gnu-toolchain/bin/../lib/gcc/arm-none-eabi/6.3.1/../../../../arm-none-eabi/lib/thumb/v7e-m\libc.a(lib_a-setvbuf.o)
                0x004042d8                setvbuf
 .text.__sprint_r.part.0
                0x00404468       0x80 c:/program files (x86)/atmel/studio/7.0/toolchain/arm/arm-gnu-toolchain/bin/../lib/gcc/arm-none-eabi/6.3.1/../../../../arm-none-eabi/lib/thumb/v7e-m\libc.a(lib_a-vfiprintf.o)
 .text._vfiprintf_r
                0x004044e8      0xc90 c:/program files (x86)/atmel/studio/7.0/toolchain/arm/arm-gnu-toolchain/bin/../lib/gcc/arm-none-eabi/6.3.1/../../../../arm-none-eabi/lib/thumb/v7e-m\libc.a(lib_a-vfiprintf.o)
                0x004044e8                _vfiprintf_r
 .text.__sbprintf
                0x00405178       0x84 c:/program files (x86)/atmel/studio/7.0/toolchain/arm/arm-gnu-toolchain/bin/../lib/gcc/arm-none-eabi/6.3.1/../../../../arm-none-eabi/lib/thumb/v7e-m\libc.a(lib_a-vfiprintf.o)
 .text.__swsetup_r
                0x004051fc       0xc8 c:/program files (x86)/atmel/studio/7.0/toolchain/arm/arm-gnu-toolchain/bin/../lib/gcc/arm-none-eabi/6.3.1/../../../../arm-none-eabi/lib/thumb/v7e-m\libc.a(lib_a-wsetup.o)
                0x004051fc                __swsetup_r
 .text.startup.register_fini
                0x004052c4       0x14 c:/program files (x86)/atmel/studio/7.0/toolchain/arm/arm-gnu-toolchain/bin/../lib/gcc/arm-none-eabi/6.3.1/../../../../arm-none-eabi/lib/thumb/v7e-m\libc.a(lib_a-__call_atexit.o)
 .text.atexit   0x004052d8        0xc c:/program files (x86)/atmel/studio/7.0/toolchain/arm/arm-gnu-toolchain/bin/../lib/gcc/arm-none-eabi/6.3.1/../../../../arm-none-eabi/lib/thumb/v7e-m\libc.a(lib_a-atexit.o)
                0x004052d8                atexit
 .text.__sflush_r
                0x004052e4      0x140 c:/program files (x86)/atmel/studio/7.0/toolchain/arm/arm-gnu-toolchain/bin/../lib/gcc/arm-none-eabi/6.3.1/../../../../arm-none-eabi/lib/thumb/v7e-m\libc.a(lib_a-fflush.o)
                0x004052e4                __sflush_r
 .text._fflush_r
                0x00405424       0x54 c:/program files (x86)/atmel/studio/7.0/toolchain/arm/arm-gnu-toolchain/bin/../lib/gcc/arm-none-eabi/6.3.1/../../../../arm-none-eabi/lib/thumb/v7e-m\libc.a(lib_a-fflush.o)
                0x00405424                _fflush_r
 .text._cleanup_r
                0x00405478        0xc c:/program files (x86)/atmel/studio/7.0/toolchain/arm/arm-gnu-toolchain/bin/../lib/gcc/arm-none-eabi/6.3.1/../../../../arm-none-eabi/lib/thumb/v7e-m\libc.a(lib_a-findfp.o)
                0x00405478                _cleanup_r
 .text.std.isra.0
                0x00405484       0x50 c:/program files (x86)/atmel/studio/7.0/toolchain/arm/arm-gnu-toolchain/bin/../lib/gcc/arm-none-eabi/6.3.1/../../../../arm-none-eabi/lib/thumb/v7e-m\libc.a(lib_a-findfp.o)
 .text.__sinit  0x004054d4       0x58 c:/program files (x86)/atmel/studio/7.0/toolchain/arm/arm-gnu-toolchain/bin/../lib/gcc/arm-none-eabi/6.3.1/../../../../arm-none-eabi/lib/thumb/v7e-m\libc.a(lib_a-findfp.o)
                0x004054d4                __sinit
 .text.__sfp_lock_acquire
                0x0040552c        0xc c:/program files (x86)/atmel/studio/7.0/toolchain/arm/arm-gnu-toolchain/bin/../lib/gcc/arm-none-eabi/6.3.1/../../../../arm-none-eabi/lib/thumb/v7e-m\libc.a(lib_a-findfp.o)
                0x0040552c                __sfp_lock_acquire
 .text.__sfp_lock_release
                0x00405538        0xc c:/program files (x86)/atmel/studio/7.0/toolchain/arm/arm-gnu-toolchain/bin/../lib/gcc/arm-none-eabi/6.3.1/../../../../arm-none-eabi/lib/thumb/v7e-m\libc.a(lib_a-findfp.o)
                0x00405538                __sfp_lock_release
 .text.__libc_fini_array
                0x00405544       0x34 c:/program files (x86)/atmel/studio/7.0/toolchain/arm/arm-gnu-toolchain/bin/../lib/gcc/arm-none-eabi/6.3.1/../../../../arm-none-eabi/lib/thumb/v7e-m\libc.a(lib_a-fini.o)
                0x00405544                __libc_fini_array
 .text.__fputwc
                0x00405578       0xa0 c:/program files (x86)/atmel/studio/7.0/toolchain/arm/arm-gnu-toolchain/bin/../lib/gcc/arm-none-eabi/6.3.1/../../../../arm-none-eabi/lib/thumb/v7e-m\libc.a(lib_a-fputwc.o)
                0x00405578                __fputwc
 .text._fputwc_r
                0x00405618       0x68 c:/program files (x86)/atmel/studio/7.0/toolchain/arm/arm-gnu-toolchain/bin/../lib/gcc/arm-none-eabi/6.3.1/../../../../arm-none-eabi/lib/thumb/v7e-m\libc.a(lib_a-fputwc.o)
                0x00405618                _fputwc_r
 .text._malloc_trim_r
                0x00405680       0xa0 c:/program files (x86)/atmel/studio/7.0/toolchain/arm/arm-gnu-toolchain/bin/../lib/gcc/arm-none-eabi/6.3.1/../../../../arm-none-eabi/lib/thumb/v7e-m\libc.a(lib_a-freer.o)
                0x00405680                _malloc_trim_r
 .text._free_r  0x00405720      0x1cc c:/program files (x86)/atmel/studio/7.0/toolchain/arm/arm-gnu-toolchain/bin/../lib/gcc/arm-none-eabi/6.3.1/../../../../arm-none-eabi/lib/thumb/v7e-m\libc.a(lib_a-freer.o)
                0x00405720                _free_r
 .text.__sfvwrite_r
                0x004058ec      0x2f0 c:/program files (x86)/atmel/studio/7.0/toolchain/arm/arm-gnu-toolchain/bin/../lib/gcc/arm-none-eabi/6.3.1/../../../../arm-none-eabi/lib/thumb/v7e-m\libc.a(lib_a-fvwrite.o)
                0x004058ec                __sfvwrite_r
 .text._fwalk_reent
                0x00405bdc       0x54 c:/program files (x86)/atmel/studio/7.0/toolchain/arm/arm-gnu-toolchain/bin/../lib/gcc/arm-none-eabi/6.3.1/../../../../arm-none-eabi/lib/thumb/v7e-m\libc.a(lib_a-fwalk.o)
                0x00405bdc                _fwalk_reent
 .text.__locale_mb_cur_max
                0x00405c30       0x1c c:/program files (x86)/atmel/studio/7.0/toolchain/arm/arm-gnu-toolchain/bin/../lib/gcc/arm-none-eabi/6.3.1/../../../../arm-none-eabi/lib/thumb/v7e-m\libc.a(lib_a-locale.o)
                0x00405c30                __locale_mb_cur_max
 .text.__retarget_lock_init_recursive
                0x00405c4c        0x4 c:/program files (x86)/atmel/studio/7.0/toolchain/arm/arm-gnu-toolchain/bin/../lib/gcc/arm-none-eabi/6.3.1/../../../../arm-none-eabi/lib/thumb/v7e-m\libc.a(lib_a-lock.o)
                0x00405c4c                __retarget_lock_init_recursive
 .text.__retarget_lock_close_recursive
                0x00405c50        0x4 c:/program files (x86)/atmel/studio/7.0/toolchain/arm/arm-gnu-toolchain/bin/../lib/gcc/arm-none-eabi/6.3.1/../../../../arm-none-eabi/lib/thumb/v7e-m\libc.a(lib_a-lock.o)
                0x00405c50                __retarget_lock_close_recursive
 .text.__retarget_lock_acquire_recursive
                0x00405c54        0x4 c:/program files (x86)/atmel/studio/7.0/toolchain/arm/arm-gnu-toolchain/bin/../lib/gcc/arm-none-eabi/6.3.1/../../../../arm-none-eabi/lib/thumb/v7e-m\libc.a(lib_a-lock.o)
                0x00405c54                __retarget_lock_acquire_recursive
 .text.__retarget_lock_release_recursive
                0x00405c58        0x4 c:/program files (x86)/atmel/studio/7.0/toolchain/arm/arm-gnu-toolchain/bin/../lib/gcc/arm-none-eabi/6.3.1/../../../../arm-none-eabi/lib/thumb/v7e-m\libc.a(lib_a-lock.o)
                0x00405c58                __retarget_lock_release_recursive
 .text.__swhatbuf_r
                0x00405c5c       0x5c c:/program files (x86)/atmel/studio/7.0/toolchain/arm/arm-gnu-toolchain/bin/../lib/gcc/arm-none-eabi/6.3.1/../../../../arm-none-eabi/lib/thumb/v7e-m\libc.a(lib_a-makebuf.o)
                0x00405c5c                __swhatbuf_r
 .text.__smakebuf_r
                0x00405cb8       0x94 c:/program files (x86)/atmel/studio/7.0/toolchain/arm/arm-gnu-toolchain/bin/../lib/gcc/arm-none-eabi/6.3.1/../../../../arm-none-eabi/lib/thumb/v7e-m\libc.a(lib_a-makebuf.o)
                0x00405cb8                __smakebuf_r
 .text.malloc   0x00405d4c       0x10 c:/program files (x86)/atmel/studio/7.0/toolchain/arm/arm-gnu-toolchain/bin/../lib/gcc/arm-none-eabi/6.3.1/../../../../arm-none-eabi/lib/thumb/v7e-m\libc.a(lib_a-malloc.o)
                0x00405d4c                malloc
 .text._malloc_r
                0x00405d5c      0x560 c:/program files (x86)/atmel/studio/7.0/toolchain/arm/arm-gnu-toolchain/bin/../lib/gcc/arm-none-eabi/6.3.1/../../../../arm-none-eabi/lib/thumb/v7e-m\libc.a(lib_a-mallocr.o)
                0x00405d5c                _malloc_r
 .text.__ascii_mbtowc
                0x004062bc       0x2c c:/program files (x86)/atmel/studio/7.0/toolchain/arm/arm-gnu-toolchain/bin/../lib/gcc/arm-none-eabi/6.3.1/../../../../arm-none-eabi/lib/thumb/v7e-m\libc.a(lib_a-mbtowc_r.o)
                0x004062bc                __ascii_mbtowc
 *fill*         0x004062e8        0x8 
 .text          0x004062f0       0xa0 c:/program files (x86)/atmel/studio/7.0/toolchain/arm/arm-gnu-toolchain/bin/../lib/gcc/arm-none-eabi/6.3.1/../../../../arm-none-eabi/lib/thumb/v7e-m\libc.a(lib_a-memchr.o)
                0x004062f0                memchr
 .text.memmove  0x00406390       0xc8 c:/program files (x86)/atmel/studio/7.0/toolchain/arm/arm-gnu-toolchain/bin/../lib/gcc/arm-none-eabi/6.3.1/../../../../arm-none-eabi/lib/thumb/v7e-m\libc.a(lib_a-memmove.o)
                0x00406390                memmove
 .text.__malloc_lock
                0x00406458        0xc c:/program files (x86)/atmel/studio/7.0/toolchain/arm/arm-gnu-toolchain/bin/../lib/gcc/arm-none-eabi/6.3.1/../../../../arm-none-eabi/lib/thumb/v7e-m\libc.a(lib_a-mlock.o)
                0x00406458                __malloc_lock
 .text.__malloc_unlock
                0x00406464        0xc c:/program files (x86)/atmel/studio/7.0/toolchain/arm/arm-gnu-toolchain/bin/../lib/gcc/arm-none-eabi/6.3.1/../../../../arm-none-eabi/lib/thumb/v7e-m\libc.a(lib_a-mlock.o)
                0x00406464                __malloc_unlock
 .text._realloc_r
                0x00406470      0x34c c:/program files (x86)/atmel/studio/7.0/toolchain/arm/arm-gnu-toolchain/bin/../lib/gcc/arm-none-eabi/6.3.1/../../../../arm-none-eabi/lib/thumb/v7e-m\libc.a(lib_a-reallocr.o)
                0x00406470                _realloc_r
 .text._sbrk_r  0x004067bc       0x24 c:/program files (x86)/atmel/studio/7.0/toolchain/arm/arm-gnu-toolchain/bin/../lib/gcc/arm-none-eabi/6.3.1/../../../../arm-none-eabi/lib/thumb/v7e-m\libc.a(lib_a-sbrkr.o)
                0x004067bc                _sbrk_r
 .text.__sread  0x004067e0       0x24 c:/program files (x86)/atmel/studio/7.0/toolchain/arm/arm-gnu-toolchain/bin/../lib/gcc/arm-none-eabi/6.3.1/../../../../arm-none-eabi/lib/thumb/v7e-m\libc.a(lib_a-stdio.o)
                0x004067e0                __sread
 .text.__swrite
                0x00406804       0x3c c:/program files (x86)/atmel/studio/7.0/toolchain/arm/arm-gnu-toolchain/bin/../lib/gcc/arm-none-eabi/6.3.1/../../../../arm-none-eabi/lib/thumb/v7e-m\libc.a(lib_a-stdio.o)
                0x00406804                __swrite
 .text.__sseek  0x00406840       0x20 c:/program files (x86)/atmel/studio/7.0/toolchain/arm/arm-gnu-toolchain/bin/../lib/gcc/arm-none-eabi/6.3.1/../../../../arm-none-eabi/lib/thumb/v7e-m\libc.a(lib_a-stdio.o)
                0x00406840                __sseek
 .text.__sclose
                0x00406860        0x8 c:/program files (x86)/atmel/studio/7.0/toolchain/arm/arm-gnu-toolchain/bin/../lib/gcc/arm-none-eabi/6.3.1/../../../../arm-none-eabi/lib/thumb/v7e-m\libc.a(lib_a-stdio.o)
                0x00406860                __sclose
 *fill*         0x00406868       0x18 
 .text          0x00406880       0xdc c:/program files (x86)/atmel/studio/7.0/toolchain/arm/arm-gnu-toolchain/bin/../lib/gcc/arm-none-eabi/6.3.1/../../../../arm-none-eabi/lib/thumb/v7e-m\libc.a(lib_a-strlen.o)
                0x00406880                strlen
 .text.__swbuf_r
                0x0040695c       0xb0 c:/program files (x86)/atmel/studio/7.0/toolchain/arm/arm-gnu-toolchain/bin/../lib/gcc/arm-none-eabi/6.3.1/../../../../arm-none-eabi/lib/thumb/v7e-m\libc.a(lib_a-wbuf.o)
                0x0040695c                __swbuf_r
 .text._wcrtomb_r
                0x00406a0c       0x54 c:/program files (x86)/atmel/studio/7.0/toolchain/arm/arm-gnu-toolchain/bin/../lib/gcc/arm-none-eabi/6.3.1/../../../../arm-none-eabi/lib/thumb/v7e-m\libc.a(lib_a-wcrtomb.o)
                0x00406a0c                _wcrtomb_r
 .text.__ascii_wctomb
                0x00406a60       0x1c c:/program files (x86)/atmel/studio/7.0/toolchain/arm/arm-gnu-toolchain/bin/../lib/gcc/arm-none-eabi/6.3.1/../../../../arm-none-eabi/lib/thumb/v7e-m\libc.a(lib_a-wctomb_r.o)
                0x00406a60                __ascii_wctomb
 .text._write_r
                0x00406a7c       0x2c c:/program files (x86)/atmel/studio/7.0/toolchain/arm/arm-gnu-toolchain/bin/../lib/gcc/arm-none-eabi/6.3.1/../../../../arm-none-eabi/lib/thumb/v7e-m\libc.a(lib_a-writer.o)
                0x00406a7c                _write_r
 .text.__register_exitproc
                0x00406aa8       0xc4 c:/program files (x86)/atmel/studio/7.0/toolchain/arm/arm-gnu-toolchain/bin/../lib/gcc/arm-none-eabi/6.3.1/../../../../arm-none-eabi/lib/thumb/v7e-m\libc.a(lib_a-__atexit.o)
                0x00406aa8                __register_exitproc
 .text._close_r
                0x00406b6c       0x24 c:/program files (x86)/atmel/studio/7.0/toolchain/arm/arm-gnu-toolchain/bin/../lib/gcc/arm-none-eabi/6.3.1/../../../../arm-none-eabi/lib/thumb/v7e-m\libc.a(lib_a-closer.o)
                0x00406b6c                _close_r
 .text._fclose_r
                0x00406b90       0xc4 c:/program files (x86)/atmel/studio/7.0/toolchain/arm/arm-gnu-toolchain/bin/../lib/gcc/arm-none-eabi/6.3.1/../../../../arm-none-eabi/lib/thumb/v7e-m\libc.a(lib_a-fclose.o)
                0x00406b90                _fclose_r
 .text._fstat_r
                0x00406c54       0x28 c:/program files (x86)/atmel/studio/7.0/toolchain/arm/arm-gnu-toolchain/bin/../lib/gcc/arm-none-eabi/6.3.1/../../../../arm-none-eabi/lib/thumb/v7e-m\libc.a(lib_a-fstatr.o)
                0x00406c54                _fstat_r
 .text._isatty_r
                0x00406c7c       0x24 c:/program files (x86)/atmel/studio/7.0/toolchain/arm/arm-gnu-toolchain/bin/../lib/gcc/arm-none-eabi/6.3.1/../../../../arm-none-eabi/lib/thumb/v7e-m\libc.a(lib_a-isattyr.o)
                0x00406c7c                _isatty_r
 .text._lseek_r
                0x00406ca0       0x2c c:/program files (x86)/atmel/studio/7.0/toolchain/arm/arm-gnu-toolchain/bin/../lib/gcc/arm-none-eabi/6.3.1/../../../../arm-none-eabi/lib/thumb/v7e-m\libc.a(lib_a-lseekr.o)
                0x00406ca0                _lseek_r
 .text._read_r  0x00406ccc       0x2c c:/program files (x86)/atmel/studio/7.0/toolchain/arm/arm-gnu-toolchain/bin/../lib/gcc/arm-none-eabi/6.3.1/../../../../arm-none-eabi/lib/thumb/v7e-m\libc.a(lib_a-readr.o)
                0x00406ccc                _read_r
 .text          0x00406cf8       0x30 c:/program files (x86)/atmel/studio/7.0/toolchain/arm/arm-gnu-toolchain/bin/../lib/gcc/arm-none-eabi/6.3.1/thumb/v7e-m\libgcc.a(_aeabi_uldivmod.o)
                0x00406cf8                __aeabi_uldivmod
 .text          0x00406d28      0x2dc c:/program files (x86)/atmel/studio/7.0/toolchain/arm/arm-gnu-toolchain/bin/../lib/gcc/arm-none-eabi/6.3.1/thumb/v7e-m\libgcc.a(_udivmoddi4.o)
                0x00406d28                __udivmoddi4
 .text          0x00407004        0x4 c:/program files (x86)/atmel/studio/7.0/toolchain/arm/arm-gnu-toolchain/bin/../lib/gcc/arm-none-eabi/6.3.1/thumb/v7e-m\libgcc.a(_dvmd_tls.o)
                0x00407004                __aeabi_idiv0
                0x00407004                __aeabi_ldiv0
 *(.glue_7t)
 .glue_7t       0x00407008        0x0 linker stubs
 *(.glue_7)
 .glue_7        0x00407008        0x0 linker stubs
 *(.rodata .rodata* .gnu.linkonce.r.*)
 .rodata.mmc_trans_multipliers
                0x00407008       0x40 src/ASF/common/components/memory/sd_mmc/sd_mmc.o
                0x00407008                mmc_trans_multipliers
 .rodata.sd_mmc_trans_units
                0x00407048       0x1c src/ASF/common/components/memory/sd_mmc/sd_mmc.o
                0x00407048                sd_mmc_trans_units
 .rodata.sd_trans_multipliers
                0x00407064       0x40 src/ASF/common/components/memory/sd_mmc/sd_mmc.o
                0x00407064                sd_trans_multipliers
 .rodata.LfnOfs
                0x004070a4        0xd src/ASF/thirdparty/fatfs/fatfs-r0.09/src/ff.o
 *fill*         0x004070b1        0x3 
 .rodata.excvt.5681
                0x004070b4       0x80 src/ASF/thirdparty/fatfs/fatfs-r0.09/src/ff.o
 .rodata.follow_path.str1.4
                0x00407134       0x13 src/ASF/thirdparty/fatfs/fatfs-r0.09/src/ff.o
 *fill*         0x00407147        0x1 
 .rodata.Tbl    0x00407148      0x100 src/ASF/thirdparty/fatfs/fatfs-r0.09/src/option/ccsbcs.o
 .rodata.tbl_lower.5431
                0x00407248      0x1e0 src/ASF/thirdparty/fatfs/fatfs-r0.09/src/option/ccsbcs.o
 .rodata.tbl_upper.5432
                0x00407428      0x1e0 src/ASF/thirdparty/fatfs/fatfs-r0.09/src/option/ccsbcs.o
 .rodata.main.str1.4
                0x00407608     0x161d src/example.o
 *fill*         0x00408c25        0x3 
 .rodata._global_impure_ptr
                0x00408c28        0x4 c:/program files (x86)/atmel/studio/7.0/toolchain/arm/arm-gnu-toolchain/bin/../lib/gcc/arm-none-eabi/6.3.1/../../../../arm-none-eabi/lib/thumb/v7e-m\libc.a(lib_a-impure.o)
                0x00408c28                _global_impure_ptr
 .rodata._vfiprintf_r.str1.4
                0x00408c2c       0x2f c:/program files (x86)/atmel/studio/7.0/toolchain/arm/arm-gnu-toolchain/bin/../lib/gcc/arm-none-eabi/6.3.1/../../../../arm-none-eabi/lib/thumb/v7e-m\libc.a(lib_a-vfiprintf.o)
 *fill*         0x00408c5b        0x1 
 .rodata.blanks.7217
                0x00408c5c       0x10 c:/program files (x86)/atmel/studio/7.0/toolchain/arm/arm-gnu-toolchain/bin/../lib/gcc/arm-none-eabi/6.3.1/../../../../arm-none-eabi/lib/thumb/v7e-m\libc.a(lib_a-vfiprintf.o)
 .rodata.zeroes.7218
                0x00408c6c       0x10 c:/program files (x86)/atmel/studio/7.0/toolchain/arm/arm-gnu-toolchain/bin/../lib/gcc/arm-none-eabi/6.3.1/../../../../arm-none-eabi/lib/thumb/v7e-m\libc.a(lib_a-vfiprintf.o)
 .rodata._setlocale_r.str1.4
                0x00408c7c        0xa c:/program files (x86)/atmel/studio/7.0/toolchain/arm/arm-gnu-toolchain/bin/../lib/gcc/arm-none-eabi/6.3.1/../../../../arm-none-eabi/lib/thumb/v7e-m\libc.a(lib_a-locale.o)
                                  0xd (size before relaxing)
 *fill*         0x00408c86        0x2 
 .rodata.str1.4
                0x00408c88        0x4 c:/program files (x86)/atmel/studio/7.0/toolchain/arm/arm-gnu-toolchain/bin/../lib/gcc/arm-none-eabi/6.3.1/../../../../arm-none-eabi/lib/thumb/v7e-m\libc.a(lib_a-locale.o)
                                  0x2 (size before relaxing)
 .rodata._ctype_
                0x00408c8c      0x101 c:/program files (x86)/atmel/studio/7.0/toolchain/arm/arm-gnu-toolchain/bin/../lib/gcc/arm-none-eabi/6.3.1/../../../../arm-none-eabi/lib/thumb/v7e-m\libc.a(lib_a-ctype_.o)
                0x00408c8c                _ctype_
 *(.ARM.extab* .gnu.linkonce.armextab.*)
                0x00408d90                . = ALIGN (0x4)
 *fill*         0x00408d8d        0x3 
 *(.init)
 .init          0x00408d90        0x4 c:/program files (x86)/atmel/studio/7.0/toolchain/arm/arm-gnu-toolchain/bin/../lib/gcc/arm-none-eabi/6.3.1/thumb/v7e-m/crti.o
                0x00408d90                _init
 .init          0x00408d94        0x8 c:/program files (x86)/atmel/studio/7.0/toolchain/arm/arm-gnu-toolchain/bin/../lib/gcc/arm-none-eabi/6.3.1/thumb/v7e-m/crtn.o
                0x00408d9c                . = ALIGN (0x4)
                0x00408d9c                __preinit_array_start = .
 *(.preinit_array)
                0x00408d9c                __preinit_array_end = .
                0x00408d9c                . = ALIGN (0x4)
                0x00408d9c                __init_array_start = .
 *(SORT(.init_array.*))
 .init_array.00000
                0x00408d9c        0x4 c:/program files (x86)/atmel/studio/7.0/toolchain/arm/arm-gnu-toolchain/bin/../lib/gcc/arm-none-eabi/6.3.1/../../../../arm-none-eabi/lib/thumb/v7e-m\libc.a(lib_a-__call_atexit.o)
 *(.init_array)
 .init_array    0x00408da0        0x4 c:/program files (x86)/atmel/studio/7.0/toolchain/arm/arm-gnu-toolchain/bin/../lib/gcc/arm-none-eabi/6.3.1/thumb/v7e-m/crtbegin.o
                0x00408da4                __init_array_end = .
                0x00408da4                . = ALIGN (0x4)
 *crtbegin.o(.ctors)
 *(EXCLUDE_FILE(*crtend.o) .ctors)
 *(SORT(.ctors.*))
 *crtend.o(.ctors)
                0x00408da4                . = ALIGN (0x4)
 *(.fini)
 .fini          0x00408da4        0x4 c:/program files (x86)/atmel/studio/7.0/toolchain/arm/arm-gnu-toolchain/bin/../lib/gcc/arm-none-eabi/6.3.1/thumb/v7e-m/crti.o
                0x00408da4                _fini
 .fini          0x00408da8        0x8 c:/program files (x86)/atmel/studio/7.0/toolchain/arm/arm-gnu-toolchain/bin/../lib/gcc/arm-none-eabi/6.3.1/thumb/v7e-m/crtn.o
                0x00408db0                . = ALIGN (0x4)
                0x00408db0                __fini_array_start = .
 *(.fini_array)
 .fini_array    0x00408db0        0x4 c:/program files (x86)/atmel/studio/7.0/toolchain/arm/arm-gnu-toolchain/bin/../lib/gcc/arm-none-eabi/6.3.1/thumb/v7e-m/crtbegin.o
 *(SORT(.fini_array.*))
                0x00408db4                __fini_array_end = .
 *crtbegin.o(.dtors)
 *(EXCLUDE_FILE(*crtend.o) .dtors)
 *(SORT(.dtors.*))
 *crtend.o(.dtors)
                0x00408db4                . = ALIGN (0x4)
                0x00408db4                _efixed = .
                [!provide]                PROVIDE (__exidx_start, .)

.vfp11_veneer   0x00408db4        0x0
 .vfp11_veneer  0x00408db4        0x0 linker stubs

.v4_bx          0x00408db4        0x0
 .v4_bx         0x00408db4        0x0 linker stubs

.iplt           0x00408db4        0x0
 .iplt          0x00408db4        0x0 c:/program files (x86)/atmel/studio/7.0/toolchain/arm/arm-gnu-toolchain/bin/../lib/gcc/arm-none-eabi/6.3.1/thumb/v7e-m/crtbegin.o

.ARM.exidx      0x00408db4        0x8
 *(.ARM.exidx* .gnu.linkonce.armexidx.*)
 .ARM.exidx     0x00408db4        0x8 c:/program files (x86)/atmel/studio/7.0/toolchain/arm/arm-gnu-toolchain/bin/../lib/gcc/arm-none-eabi/6.3.1/thumb/v7e-m\libgcc.a(_udivmoddi4.o)
                [!provide]                PROVIDE (__exidx_end, .)

.eh_frame       0x00408dbc        0x0
 .eh_frame      0x00408dbc        0x0 c:/program files (x86)/atmel/studio/7.0/toolchain/arm/arm-gnu-toolchain/bin/../lib/gcc/arm-none-eabi/6.3.1/thumb/v7e-m/crtbegin.o

.rel.dyn        0x00408dbc        0x0
 .rel.iplt      0x00408dbc        0x0 c:/program files (x86)/atmel/studio/7.0/toolchain/arm/arm-gnu-toolchain/bin/../lib/gcc/arm-none-eabi/6.3.1/thumb/v7e-m/crtbegin.o

.jcr            0x00408dbc        0x0
 .jcr           0x00408dbc        0x0 c:/program files (x86)/atmel/studio/7.0/toolchain/arm/arm-gnu-toolchain/bin/../lib/gcc/arm-none-eabi/6.3.1/thumb/v7e-m/crtbegin.o

.igot.plt       0x00408dbc        0x0
 .igot.plt      0x00408dbc        0x0 c:/program files (x86)/atmel/studio/7.0/toolchain/arm/arm-gnu-toolchain/bin/../lib/gcc/arm-none-eabi/6.3.1/thumb/v7e-m/crtbegin.o
                0x00408dbc                . = ALIGN (0x4)
                0x00408dbc                _etext = .

.relocate       0x20000000      0xa70 load address 0x00408dbc
                0x20000000                . = ALIGN (0x4)
                0x20000000                _srelocate = .
 *(.ramfunc .ramfunc.*)
 .ramfunc       0x20000000        0xa src/ASF/common/services/delay/sam/cycle_counter.o
                0x20000000                portable_delay_cycles
 *fill*         0x2000000a        0x2 
 .ramfunc       0x2000000c       0x88 src/ASF/sam/drivers/efc/efc.o
                0x2000000c                efc_perform_read_sequence
                0x20000074                efc_write_fmr
                0x20000078                efc_perform_fcr
 *(.data .data.*)
 .data.sd_mmc_cards
                0x20000094       0x24 src/ASF/common/components/memory/sd_mmc/sd_mmc.o
 .data.g_interrupt_enabled
                0x200000b8        0x1 src/ASF/common/utils/interrupt/interrupt_sam_nvic.o
                0x200000b8                g_interrupt_enabled
 *fill*         0x200000b9        0x3 
 .data.SystemCoreClock
                0x200000bc        0x4 src/ASF/sam/utils/cmsis/samg/samg55/source/templates/system_samg55.o
                0x200000bc                SystemCoreClock
 .data._impure_ptr
                0x200000c0        0x4 c:/program files (x86)/atmel/studio/7.0/toolchain/arm/arm-gnu-toolchain/bin/../lib/gcc/arm-none-eabi/6.3.1/../../../../arm-none-eabi/lib/thumb/v7e-m\libc.a(lib_a-impure.o)
                0x200000c0                _impure_ptr
 *fill*         0x200000c4        0x4 
 .data.impure_data
                0x200000c8      0x428 c:/program files (x86)/atmel/studio/7.0/toolchain/arm/arm-gnu-toolchain/bin/../lib/gcc/arm-none-eabi/6.3.1/../../../../arm-none-eabi/lib/thumb/v7e-m\libc.a(lib_a-impure.o)
 .data.__atexit_recursive_mutex
                0x200004f0        0x4 c:/program files (x86)/atmel/studio/7.0/toolchain/arm/arm-gnu-toolchain/bin/../lib/gcc/arm-none-eabi/6.3.1/../../../../arm-none-eabi/lib/thumb/v7e-m\libc.a(lib_a-__call_atexit.o)
                0x200004f0                __atexit_recursive_mutex
 .data.__global_locale
                0x200004f4      0x16c c:/program files (x86)/atmel/studio/7.0/toolchain/arm/arm-gnu-toolchain/bin/../lib/gcc/arm-none-eabi/6.3.1/../../../../arm-none-eabi/lib/thumb/v7e-m\libc.a(lib_a-locale.o)
                0x200004f4                __global_locale
 .data.__malloc_av_
                0x20000660      0x408 c:/program files (x86)/atmel/studio/7.0/toolchain/arm/arm-gnu-toolchain/bin/../lib/gcc/arm-none-eabi/6.3.1/../../../../arm-none-eabi/lib/thumb/v7e-m\libc.a(lib_a-mallocr.o)
                0x20000660                __malloc_av_
 .data.__malloc_sbrk_base
                0x20000a68        0x4 c:/program files (x86)/atmel/studio/7.0/toolchain/arm/arm-gnu-toolchain/bin/../lib/gcc/arm-none-eabi/6.3.1/../../../../arm-none-eabi/lib/thumb/v7e-m\libc.a(lib_a-mallocr.o)
                0x20000a68                __malloc_sbrk_base
 .data.__malloc_trim_threshold
                0x20000a6c        0x4 c:/program files (x86)/atmel/studio/7.0/toolchain/arm/arm-gnu-toolchain/bin/../lib/gcc/arm-none-eabi/6.3.1/../../../../arm-none-eabi/lib/thumb/v7e-m\libc.a(lib_a-mallocr.o)
                0x20000a6c                __malloc_trim_threshold
                0x20000a70                . = ALIGN (0x4)
                0x20000a70                _erelocate = .

.bss            0x20000a70       0xd8 load address 0x0040982c
                0x20000a70                . = ALIGN (0x4)
                0x20000a70                _sbss = .
                0x20000a70                _szero = .
 *(.bss .bss.*)
 .bss           0x20000a70       0x1c c:/program files (x86)/atmel/studio/7.0/toolchain/arm/arm-gnu-toolchain/bin/../lib/gcc/arm-none-eabi/6.3.1/thumb/v7e-m/crtbegin.o
 .bss.sd_mmc_card
                0x20000a8c        0x4 src/ASF/common/components/memory/sd_mmc/sd_mmc.o
 .bss.sd_mmc_nb_block_remaining
                0x20000a90        0x2 src/ASF/common/components/memory/sd_mmc/sd_mmc.o
 .bss.sd_mmc_nb_block_to_tranfer
                0x20000a92        0x2 src/ASF/common/components/memory/sd_mmc/sd_mmc.o
 .bss.sd_mmc_sam_systick_used
                0x20000a94        0x1 src/ASF/common/components/memory/sd_mmc/sd_mmc.o
 .bss.sd_mmc_slot_sel
                0x20000a95        0x1 src/ASF/common/components/memory/sd_mmc/sd_mmc.o
 *fill*         0x20000a96        0x2 
 .bss.sd_mmc_ejected
                0x20000a98        0x2 src/ASF/common/components/memory/sd_mmc/sd_mmc_mem.o
 .bss.sd_mmc_spi_block_size
                0x20000a9a        0x2 src/ASF/common/components/memory/sd_mmc/sd_mmc_spi.o
 .bss.sd_mmc_spi_devices
                0x20000a9c        0x4 src/ASF/common/components/memory/sd_mmc/sd_mmc_spi.o
 .bss.sd_mmc_spi_err
                0x20000aa0        0x1 src/ASF/common/components/memory/sd_mmc/sd_mmc_spi.o
 *fill*         0x20000aa1        0x1 
 .bss.sd_mmc_spi_nb_block
                0x20000aa2        0x2 src/ASF/common/components/memory/sd_mmc/sd_mmc_spi.o
 .bss.sd_mmc_spi_response_32
                0x20000aa4        0x4 src/ASF/common/components/memory/sd_mmc/sd_mmc_spi.o
 .bss.sd_mmc_spi_transfert_pos
                0x20000aa8        0x4 src/ASF/common/components/memory/sd_mmc/sd_mmc_spi.o
 .bss.ul_reg_val.8614
                0x20000aac        0x4 src/ASF/sam/drivers/usart/usart.o
 .bss.heap.6420
                0x20000ab0        0x4 src/ASF/sam/utils/syscalls/gcc/syscalls.o
 .bss.FatFs     0x20000ab4       0x20 src/ASF/thirdparty/fatfs/fatfs-r0.09/src/ff.o
 .bss.Fsid      0x20000ad4        0x2 src/ASF/thirdparty/fatfs/fatfs-r0.09/src/ff.o
 *fill*         0x20000ad6        0x2 
 .bss.__malloc_current_mallinfo
                0x20000ad8       0x28 c:/program files (x86)/atmel/studio/7.0/toolchain/arm/arm-gnu-toolchain/bin/../lib/gcc/arm-none-eabi/6.3.1/../../../../arm-none-eabi/lib/thumb/v7e-m\libc.a(lib_a-mallocr.o)
                0x20000ad8                __malloc_current_mallinfo
 .bss.__malloc_max_sbrked_mem
                0x20000b00        0x4 c:/program files (x86)/atmel/studio/7.0/toolchain/arm/arm-gnu-toolchain/bin/../lib/gcc/arm-none-eabi/6.3.1/../../../../arm-none-eabi/lib/thumb/v7e-m\libc.a(lib_a-mallocr.o)
                0x20000b00                __malloc_max_sbrked_mem
 .bss.__malloc_max_total_mem
                0x20000b04        0x4 c:/program files (x86)/atmel/studio/7.0/toolchain/arm/arm-gnu-toolchain/bin/../lib/gcc/arm-none-eabi/6.3.1/../../../../arm-none-eabi/lib/thumb/v7e-m\libc.a(lib_a-mallocr.o)
                0x20000b04                __malloc_max_total_mem
 .bss.__malloc_top_pad
                0x20000b08        0x4 c:/program files (x86)/atmel/studio/7.0/toolchain/arm/arm-gnu-toolchain/bin/../lib/gcc/arm-none-eabi/6.3.1/../../../../arm-none-eabi/lib/thumb/v7e-m\libc.a(lib_a-mallocr.o)
                0x20000b08                __malloc_top_pad
 *(COMMON)
 COMMON         0x20000b0c        0x6 src/ASF/common/services/sleepmgr/sam/sleepmgr.o
                0x20000b0c                sleepmgr_locks
 *fill*         0x20000b12        0x2 
 COMMON         0x20000b14        0x4 src/ASF/common/utils/stdio/read.o
                0x20000b14                ptr_get
 COMMON         0x20000b18        0x8 src/ASF/common/utils/stdio/write.o
                0x20000b18                ptr_put
                0x20000b1c                stdio_base
 COMMON         0x20000b20       0x21 c:/program files (x86)/atmel/studio/7.0/toolchain/arm/arm-gnu-toolchain/bin/../lib/gcc/arm-none-eabi/6.3.1/../../../../arm-none-eabi/lib/thumb/v7e-m\libc.a(lib_a-lock.o)
                0x20000b20                __lock___atexit_recursive_mutex
                0x20000b24                __lock___arc4random_mutex
                0x20000b28                __lock___env_recursive_mutex
                0x20000b2c                __lock___sinit_recursive_mutex
                0x20000b30                __lock___malloc_recursive_mutex
                0x20000b34                __lock___at_quick_exit_mutex
                0x20000b38                __lock___dd_hash_mutex
                0x20000b3c                __lock___tz_mutex
                0x20000b40                __lock___sfp_recursive_mutex
 *fill*         0x20000b41        0x3 
 COMMON         0x20000b44        0x4 c:/program files (x86)/atmel/studio/7.0/toolchain/arm/arm-gnu-toolchain/bin/../lib/gcc/arm-none-eabi/6.3.1/../../../../arm-none-eabi/lib/thumb/v7e-m\libc.a(lib_a-reent.o)
                0x20000b44                errno
                0x20000b48                . = ALIGN (0x4)
                0x20000b48                _ebss = .
                0x20000b48                _ezero = .

.stack          0x20000b48     0x3000 load address 0x00409904
                0x20000b48                . = ALIGN (0x8)
                0x20000b48                _sstack = .
                0x20003b48                . = (. + __stack_size__)
 *fill*         0x20000b48     0x3000 
                0x20003b48                . = ALIGN (0x8)
                0x20003b48                _estack = .
                0x20003b48                . = ALIGN (0x4)
                0x20003b48                _end = .
OUTPUT(SD_MMC_EXAMPLE21.elf elf32-littlearm)

.ARM.attributes
                0x00000000       0x2e
 .ARM.attributes
                0x00000000       0x1e c:/program files (x86)/atmel/studio/7.0/toolchain/arm/arm-gnu-toolchain/bin/../lib/gcc/arm-none-eabi/6.3.1/thumb/v7e-m/crti.o
 .ARM.attributes
                0x0000001e       0x2e c:/program files (x86)/atmel/studio/7.0/toolchain/arm/arm-gnu-toolchain/bin/../lib/gcc/arm-none-eabi/6.3.1/thumb/v7e-m/crtbegin.o
 .ARM.attributes
                0x0000004c       0x37 src/ASF/common/components/memory/sd_mmc/sd_mmc.o
 .ARM.attributes
                0x00000083       0x37 src/ASF/common/components/memory/sd_mmc/sd_mmc_mem.o
 .ARM.attributes
                0x000000ba       0x37 src/ASF/common/components/memory/sd_mmc/sd_mmc_spi.o
 .ARM.attributes
                0x000000f1       0x37 src/ASF/common/services/clock/samg/sysclk.o
 .ARM.attributes
                0x00000128       0x37 src/ASF/common/services/delay/sam/cycle_counter.o
 .ARM.attributes
                0x0000015f       0x37 src/ASF/common/services/sleepmgr/sam/sleepmgr.o
 .ARM.attributes
                0x00000196       0x37 src/ASF/common/services/spi/sam_spi/spi_master.o
 .ARM.attributes
                0x000001cd       0x37 src/ASF/common/services/storage/ctrl_access/ctrl_access.o
 .ARM.attributes
                0x00000204       0x37 src/ASF/common/utils/interrupt/interrupt_sam_nvic.o
 .ARM.attributes
                0x0000023b       0x37 src/ASF/common/utils/stdio/read.o
 .ARM.attributes
                0x00000272       0x37 src/ASF/common/utils/stdio/write.o
 .ARM.attributes
                0x000002a9       0x37 src/ASF/sam/boards/samg55_xplained_pro/board_init.o
 .ARM.attributes
                0x000002e0       0x37 src/ASF/sam/drivers/efc/efc.o
 .ARM.attributes
                0x00000317       0x37 src/ASF/sam/drivers/flexcom/flexcom.o
 .ARM.attributes
                0x0000034e       0x37 src/ASF/sam/drivers/pmc/pmc.o
 .ARM.attributes
                0x00000385       0x37 src/ASF/sam/drivers/rtc/rtc.o
 .ARM.attributes
                0x000003bc       0x37 src/ASF/sam/drivers/spi/spi.o
 .ARM.attributes
                0x000003f3       0x37 src/ASF/sam/drivers/supc/supc.o
 .ARM.attributes
                0x0000042a       0x37 src/ASF/sam/drivers/usart/usart.o
 .ARM.attributes
                0x00000461       0x37 src/ASF/sam/utils/cmsis/samg/samg55/source/templates/gcc/startup_samg55.o
 .ARM.attributes
                0x00000498       0x37 src/ASF/sam/utils/cmsis/samg/samg55/source/templates/system_samg55.o
 .ARM.attributes
                0x000004cf       0x37 src/ASF/sam/utils/syscalls/gcc/syscalls.o
 .ARM.attributes
                0x00000506       0x37 src/ASF/thirdparty/fatfs/fatfs-port-r0.09/diskio.o
 .ARM.attributes
                0x0000053d       0x37 src/ASF/thirdparty/fatfs/fatfs-port-r0.09/sam/fattime_rtc.o
 .ARM.attributes
                0x00000574       0x37 src/ASF/thirdparty/fatfs/fatfs-r0.09/src/ff.o
 .ARM.attributes
                0x000005ab       0x37 src/ASF/thirdparty/fatfs/fatfs-r0.09/src/option/ccsbcs.o
 .ARM.attributes
                0x000005e2       0x37 src/example.o
 .ARM.attributes
                0x00000619       0x2e c:/program files (x86)/atmel/studio/7.0/toolchain/arm/arm-gnu-toolchain/bin/../lib/gcc/arm-none-eabi/6.3.1/../../../../arm-none-eabi/lib/thumb/v7e-m\libc.a(lib_a-impure.o)
 .ARM.attributes
                0x00000647       0x2e c:/program files (x86)/atmel/studio/7.0/toolchain/arm/arm-gnu-toolchain/bin/../lib/gcc/arm-none-eabi/6.3.1/../../../../arm-none-eabi/lib/thumb/v7e-m\libc.a(lib_a-init.o)
 .ARM.attributes
                0x00000675       0x2e c:/program files (x86)/atmel/studio/7.0/toolchain/arm/arm-gnu-toolchain/bin/../lib/gcc/arm-none-eabi/6.3.1/../../../../arm-none-eabi/lib/thumb/v7e-m\libc.a(lib_a-iprintf.o)
 .ARM.attributes
                0x000006a3       0x1c c:/program files (x86)/atmel/studio/7.0/toolchain/arm/arm-gnu-toolchain/bin/../lib/gcc/arm-none-eabi/6.3.1/../../../../arm-none-eabi/lib/thumb/v7e-m\libc.a(lib_a-memcpy.o)
 .ARM.attributes
                0x000006bf       0x2e c:/program files (x86)/atmel/studio/7.0/toolchain/arm/arm-gnu-toolchain/bin/../lib/gcc/arm-none-eabi/6.3.1/../../../../arm-none-eabi/lib/thumb/v7e-m\libc.a(lib_a-memset.o)
 .ARM.attributes
                0x000006ed       0x2e c:/program files (x86)/atmel/studio/7.0/toolchain/arm/arm-gnu-toolchain/bin/../lib/gcc/arm-none-eabi/6.3.1/../../../../arm-none-eabi/lib/thumb/v7e-m\libc.a(lib_a-setbuf.o)
 .ARM.attributes
                0x0000071b       0x2e c:/program files (x86)/atmel/studio/7.0/toolchain/arm/arm-gnu-toolchain/bin/../lib/gcc/arm-none-eabi/6.3.1/../../../../arm-none-eabi/lib/thumb/v7e-m\libc.a(lib_a-setvbuf.o)
 .ARM.attributes
                0x00000749       0x2e c:/program files (x86)/atmel/studio/7.0/toolchain/arm/arm-gnu-toolchain/bin/../lib/gcc/arm-none-eabi/6.3.1/../../../../arm-none-eabi/lib/thumb/v7e-m\libc.a(lib_a-vfiprintf.o)
 .ARM.attributes
                0x00000777       0x2e c:/program files (x86)/atmel/studio/7.0/toolchain/arm/arm-gnu-toolchain/bin/../lib/gcc/arm-none-eabi/6.3.1/../../../../arm-none-eabi/lib/thumb/v7e-m\libc.a(lib_a-wsetup.o)
 .ARM.attributes
                0x000007a5       0x2e c:/program files (x86)/atmel/studio/7.0/toolchain/arm/arm-gnu-toolchain/bin/../lib/gcc/arm-none-eabi/6.3.1/../../../../arm-none-eabi/lib/thumb/v7e-m\libc.a(lib_a-__call_atexit.o)
 .ARM.attributes
                0x000007d3       0x2e c:/program files (x86)/atmel/studio/7.0/toolchain/arm/arm-gnu-toolchain/bin/../lib/gcc/arm-none-eabi/6.3.1/../../../../arm-none-eabi/lib/thumb/v7e-m\libc.a(lib_a-atexit.o)
 .ARM.attributes
                0x00000801       0x2e c:/program files (x86)/atmel/studio/7.0/toolchain/arm/arm-gnu-toolchain/bin/../lib/gcc/arm-none-eabi/6.3.1/../../../../arm-none-eabi/lib/thumb/v7e-m\libc.a(lib_a-fflush.o)
 .ARM.attributes
                0x0000082f       0x2e c:/program files (x86)/atmel/studio/7.0/toolchain/arm/arm-gnu-toolchain/bin/../lib/gcc/arm-none-eabi/6.3.1/../../../../arm-none-eabi/lib/thumb/v7e-m\libc.a(lib_a-findfp.o)
 .ARM.attributes
                0x0000085d       0x2e c:/program files (x86)/atmel/studio/7.0/toolchain/arm/arm-gnu-toolchain/bin/../lib/gcc/arm-none-eabi/6.3.1/../../../../arm-none-eabi/lib/thumb/v7e-m\libc.a(lib_a-fini.o)
 .ARM.attributes
                0x0000088b       0x2e c:/program files (x86)/atmel/studio/7.0/toolchain/arm/arm-gnu-toolchain/bin/../lib/gcc/arm-none-eabi/6.3.1/../../../../arm-none-eabi/lib/thumb/v7e-m\libc.a(lib_a-fputwc.o)
 .ARM.attributes
                0x000008b9       0x2e c:/program files (x86)/atmel/studio/7.0/toolchain/arm/arm-gnu-toolchain/bin/../lib/gcc/arm-none-eabi/6.3.1/../../../../arm-none-eabi/lib/thumb/v7e-m\libc.a(lib_a-freer.o)
 .ARM.attributes
                0x000008e7       0x2e c:/program files (x86)/atmel/studio/7.0/toolchain/arm/arm-gnu-toolchain/bin/../lib/gcc/arm-none-eabi/6.3.1/../../../../arm-none-eabi/lib/thumb/v7e-m\libc.a(lib_a-fvwrite.o)
 .ARM.attributes
                0x00000915       0x2e c:/program files (x86)/atmel/studio/7.0/toolchain/arm/arm-gnu-toolchain/bin/../lib/gcc/arm-none-eabi/6.3.1/../../../../arm-none-eabi/lib/thumb/v7e-m\libc.a(lib_a-fwalk.o)
 .ARM.attributes
                0x00000943       0x2e c:/program files (x86)/atmel/studio/7.0/toolchain/arm/arm-gnu-toolchain/bin/../lib/gcc/arm-none-eabi/6.3.1/../../../../arm-none-eabi/lib/thumb/v7e-m\libc.a(lib_a-locale.o)
 .ARM.attributes
                0x00000971       0x2e c:/program files (x86)/atmel/studio/7.0/toolchain/arm/arm-gnu-toolchain/bin/../lib/gcc/arm-none-eabi/6.3.1/../../../../arm-none-eabi/lib/thumb/v7e-m\libc.a(lib_a-lock.o)
 .ARM.attributes
                0x0000099f       0x2e c:/program files (x86)/atmel/studio/7.0/toolchain/arm/arm-gnu-toolchain/bin/../lib/gcc/arm-none-eabi/6.3.1/../../../../arm-none-eabi/lib/thumb/v7e-m\libc.a(lib_a-makebuf.o)
 .ARM.attributes
                0x000009cd       0x2e c:/program files (x86)/atmel/studio/7.0/toolchain/arm/arm-gnu-toolchain/bin/../lib/gcc/arm-none-eabi/6.3.1/../../../../arm-none-eabi/lib/thumb/v7e-m\libc.a(lib_a-malloc.o)
 .ARM.attributes
                0x000009fb       0x2e c:/program files (x86)/atmel/studio/7.0/toolchain/arm/arm-gnu-toolchain/bin/../lib/gcc/arm-none-eabi/6.3.1/../../../../arm-none-eabi/lib/thumb/v7e-m\libc.a(lib_a-mallocr.o)
 .ARM.attributes
                0x00000a29       0x2e c:/program files (x86)/atmel/studio/7.0/toolchain/arm/arm-gnu-toolchain/bin/../lib/gcc/arm-none-eabi/6.3.1/../../../../arm-none-eabi/lib/thumb/v7e-m\libc.a(lib_a-mbtowc_r.o)
 .ARM.attributes
                0x00000a57       0x1c c:/program files (x86)/atmel/studio/7.0/toolchain/arm/arm-gnu-toolchain/bin/../lib/gcc/arm-none-eabi/6.3.1/../../../../arm-none-eabi/lib/thumb/v7e-m\libc.a(lib_a-memchr.o)
 .ARM.attributes
                0x00000a73       0x2e c:/program files (x86)/atmel/studio/7.0/toolchain/arm/arm-gnu-toolchain/bin/../lib/gcc/arm-none-eabi/6.3.1/../../../../arm-none-eabi/lib/thumb/v7e-m\libc.a(lib_a-memmove.o)
 .ARM.attributes
                0x00000aa1       0x2e c:/program files (x86)/atmel/studio/7.0/toolchain/arm/arm-gnu-toolchain/bin/../lib/gcc/arm-none-eabi/6.3.1/../../../../arm-none-eabi/lib/thumb/v7e-m\libc.a(lib_a-mlock.o)
 .ARM.attributes
                0x00000acf       0x2e c:/program files (x86)/atmel/studio/7.0/toolchain/arm/arm-gnu-toolchain/bin/../lib/gcc/arm-none-eabi/6.3.1/../../../../arm-none-eabi/lib/thumb/v7e-m\libc.a(lib_a-reallocr.o)
 .ARM.attributes
                0x00000afd       0x2e c:/program files (x86)/atmel/studio/7.0/toolchain/arm/arm-gnu-toolchain/bin/../lib/gcc/arm-none-eabi/6.3.1/../../../../arm-none-eabi/lib/thumb/v7e-m\libc.a(lib_a-sbrkr.o)
 .ARM.attributes
                0x00000b2b       0x2e c:/program files (x86)/atmel/studio/7.0/toolchain/arm/arm-gnu-toolchain/bin/../lib/gcc/arm-none-eabi/6.3.1/../../../../arm-none-eabi/lib/thumb/v7e-m\libc.a(lib_a-stdio.o)
 .ARM.attributes
                0x00000b59       0x1c c:/program files (x86)/atmel/studio/7.0/toolchain/arm/arm-gnu-toolchain/bin/../lib/gcc/arm-none-eabi/6.3.1/../../../../arm-none-eabi/lib/thumb/v7e-m\libc.a(lib_a-strlen.o)
 .ARM.attributes
                0x00000b75       0x2e c:/program files (x86)/atmel/studio/7.0/toolchain/arm/arm-gnu-toolchain/bin/../lib/gcc/arm-none-eabi/6.3.1/../../../../arm-none-eabi/lib/thumb/v7e-m\libc.a(lib_a-wbuf.o)
 .ARM.attributes
                0x00000ba3       0x2e c:/program files (x86)/atmel/studio/7.0/toolchain/arm/arm-gnu-toolchain/bin/../lib/gcc/arm-none-eabi/6.3.1/../../../../arm-none-eabi/lib/thumb/v7e-m\libc.a(lib_a-wcrtomb.o)
 .ARM.attributes
                0x00000bd1       0x2e c:/program files (x86)/atmel/studio/7.0/toolchain/arm/arm-gnu-toolchain/bin/../lib/gcc/arm-none-eabi/6.3.1/../../../../arm-none-eabi/lib/thumb/v7e-m\libc.a(lib_a-wctomb_r.o)
 .ARM.attributes
                0x00000bff       0x2e c:/program files (x86)/atmel/studio/7.0/toolchain/arm/arm-gnu-toolchain/bin/../lib/gcc/arm-none-eabi/6.3.1/../../../../arm-none-eabi/lib/thumb/v7e-m\libc.a(lib_a-writer.o)
 .ARM.attributes
                0x00000c2d       0x2e c:/program files (x86)/atmel/studio/7.0/toolchain/arm/arm-gnu-toolchain/bin/../lib/gcc/arm-none-eabi/6.3.1/../../../../arm-none-eabi/lib/thumb/v7e-m\libc.a(lib_a-__atexit.o)
 .ARM.attributes
                0x00000c5b       0x2e c:/program files (x86)/atmel/studio/7.0/toolchain/arm/arm-gnu-toolchain/bin/../lib/gcc/arm-none-eabi/6.3.1/../../../../arm-none-eabi/lib/thumb/v7e-m\libc.a(lib_a-closer.o)
 .ARM.attributes
                0x00000c89       0x2e c:/program files (x86)/atmel/studio/7.0/toolchain/arm/arm-gnu-toolchain/bin/../lib/gcc/arm-none-eabi/6.3.1/../../../../arm-none-eabi/lib/thumb/v7e-m\libc.a(lib_a-ctype_.o)
 .ARM.attributes
                0x00000cb7       0x2e c:/program files (x86)/atmel/studio/7.0/toolchain/arm/arm-gnu-toolchain/bin/../lib/gcc/arm-none-eabi/6.3.1/../../../../arm-none-eabi/lib/thumb/v7e-m\libc.a(lib_a-fclose.o)
 .ARM.attributes
                0x00000ce5       0x2e c:/program files (x86)/atmel/studio/7.0/toolchain/arm/arm-gnu-toolchain/bin/../lib/gcc/arm-none-eabi/6.3.1/../../../../arm-none-eabi/lib/thumb/v7e-m\libc.a(lib_a-fstatr.o)
 .ARM.attributes
                0x00000d13       0x2e c:/program files (x86)/atmel/studio/7.0/toolchain/arm/arm-gnu-toolchain/bin/../lib/gcc/arm-none-eabi/6.3.1/../../../../arm-none-eabi/lib/thumb/v7e-m\libc.a(lib_a-isattyr.o)
 .ARM.attributes
                0x00000d41       0x2e c:/program files (x86)/atmel/studio/7.0/toolchain/arm/arm-gnu-toolchain/bin/../lib/gcc/arm-none-eabi/6.3.1/../../../../arm-none-eabi/lib/thumb/v7e-m\libc.a(lib_a-lseekr.o)
 .ARM.attributes
                0x00000d6f       0x2e c:/program files (x86)/atmel/studio/7.0/toolchain/arm/arm-gnu-toolchain/bin/../lib/gcc/arm-none-eabi/6.3.1/../../../../arm-none-eabi/lib/thumb/v7e-m\libc.a(lib_a-readr.o)
 .ARM.attributes
                0x00000d9d       0x2e c:/program files (x86)/atmel/studio/7.0/toolchain/arm/arm-gnu-toolchain/bin/../lib/gcc/arm-none-eabi/6.3.1/../../../../arm-none-eabi/lib/thumb/v7e-m\libc.a(lib_a-reent.o)
 .ARM.attributes
                0x00000dcb       0x1e c:/program files (x86)/atmel/studio/7.0/toolchain/arm/arm-gnu-toolchain/bin/../lib/gcc/arm-none-eabi/6.3.1/thumb/v7e-m\libgcc.a(_aeabi_uldivmod.o)
 .ARM.attributes
                0x00000de9       0x2e c:/program files (x86)/atmel/studio/7.0/toolchain/arm/arm-gnu-toolchain/bin/../lib/gcc/arm-none-eabi/6.3.1/thumb/v7e-m\libgcc.a(_udivmoddi4.o)
 .ARM.attributes
                0x00000e17       0x1e c:/program files (x86)/atmel/studio/7.0/toolchain/arm/arm-gnu-toolchain/bin/../lib/gcc/arm-none-eabi/6.3.1/thumb/v7e-m\libgcc.a(_dvmd_tls.o)
 .ARM.attributes
                0x00000e35       0x1e c:/program files (x86)/atmel/studio/7.0/toolchain/arm/arm-gnu-toolchain/bin/../lib/gcc/arm-none-eabi/6.3.1/thumb/v7e-m/crtn.o

.comment        0x00000000       0x59
 .comment       0x00000000       0x59 src/ASF/common/components/memory/sd_mmc/sd_mmc.o
                                 0x5a (size before relaxing)
 .comment       0x00000059       0x5a src/ASF/common/components/memory/sd_mmc/sd_mmc_mem.o
 .comment       0x00000059       0x5a src/ASF/common/components/memory/sd_mmc/sd_mmc_spi.o
 .comment       0x00000059       0x5a src/ASF/common/services/clock/samg/sysclk.o
 .comment       0x00000059       0x5a src/ASF/common/services/delay/sam/cycle_counter.o
 .comment       0x00000059       0x5a src/ASF/common/services/sleepmgr/sam/sleepmgr.o
 .comment       0x00000059       0x5a src/ASF/common/services/spi/sam_spi/spi_master.o
 .comment       0x00000059       0x5a src/ASF/common/services/storage/ctrl_access/ctrl_access.o
 .comment       0x00000059       0x5a src/ASF/common/utils/interrupt/interrupt_sam_nvic.o
 .comment       0x00000059       0x5a src/ASF/common/utils/stdio/read.o
 .comment       0x00000059       0x5a src/ASF/common/utils/stdio/write.o
 .comment       0x00000059       0x5a src/ASF/sam/boards/samg55_xplained_pro/board_init.o
 .comment       0x00000059       0x5a src/ASF/sam/drivers/efc/efc.o
 .comment       0x00000059       0x5a src/ASF/sam/drivers/flexcom/flexcom.o
 .comment       0x00000059       0x5a src/ASF/sam/drivers/pmc/pmc.o
 .comment       0x00000059       0x5a src/ASF/sam/drivers/rtc/rtc.o
 .comment       0x00000059       0x5a src/ASF/sam/drivers/spi/spi.o
 .comment       0x00000059       0x5a src/ASF/sam/drivers/supc/supc.o
 .comment       0x00000059       0x5a src/ASF/sam/drivers/usart/usart.o
 .comment       0x00000059       0x5a src/ASF/sam/utils/cmsis/samg/samg55/source/templates/gcc/startup_samg55.o
 .comment       0x00000059       0x5a src/ASF/sam/utils/cmsis/samg/samg55/source/templates/system_samg55.o
 .comment       0x00000059       0x5a src/ASF/sam/utils/syscalls/gcc/syscalls.o
 .comment       0x00000059       0x5a src/ASF/thirdparty/fatfs/fatfs-port-r0.09/diskio.o
 .comment       0x00000059       0x5a src/ASF/thirdparty/fatfs/fatfs-port-r0.09/sam/fattime_rtc.o
 .comment       0x00000059       0x5a src/ASF/thirdparty/fatfs/fatfs-r0.09/src/ff.o
 .comment       0x00000059       0x5a src/ASF/thirdparty/fatfs/fatfs-r0.09/src/option/ccsbcs.o
 .comment       0x00000059       0x5a src/example.o

.debug_info     0x00000000    0x20cc5
 .debug_info    0x00000000     0x2ac7 src/ASF/common/components/memory/sd_mmc/sd_mmc.o
 .debug_info    0x00002ac7     0x116e src/ASF/common/components/memory/sd_mmc/sd_mmc_mem.o
 .debug_info    0x00003c35     0x171a src/ASF/common/components/memory/sd_mmc/sd_mmc_spi.o
 .debug_info    0x0000534f     0x14cc src/ASF/common/services/clock/samg/sysclk.o
 .debug_info    0x0000681b      0xa45 src/ASF/common/services/delay/sam/cycle_counter.o
 .debug_info    0x00007260      0xa8e src/ASF/common/services/sleepmgr/sam/sleepmgr.o
 .debug_info    0x00007cee     0x1771 src/ASF/common/services/spi/sam_spi/spi_master.o
 .debug_info    0x0000945f      0xf0c src/ASF/common/services/storage/ctrl_access/ctrl_access.o
 .debug_info    0x0000a36b      0xb01 src/ASF/common/utils/interrupt/interrupt_sam_nvic.o
 .debug_info    0x0000ae6c      0xac9 src/ASF/common/utils/stdio/read.o
 .debug_info    0x0000b935      0xac6 src/ASF/common/utils/stdio/write.o
 .debug_info    0x0000c3fb     0x1a6d src/ASF/sam/boards/samg55_xplained_pro/board_init.o
 .debug_info    0x0000de68     0x10ca src/ASF/sam/drivers/efc/efc.o
 .debug_info    0x0000ef32     0x1490 src/ASF/sam/drivers/flexcom/flexcom.o
 .debug_info    0x000103c2     0x1c26 src/ASF/sam/drivers/pmc/pmc.o
 .debug_info    0x00011fe8     0x1218 src/ASF/sam/drivers/rtc/rtc.o
 .debug_info    0x00013200     0x144c src/ASF/sam/drivers/spi/spi.o
 .debug_info    0x0001464c      0xe27 src/ASF/sam/drivers/supc/supc.o
 .debug_info    0x00015473     0x22ef src/ASF/sam/drivers/usart/usart.o
 .debug_info    0x00017762     0x1384 src/ASF/sam/utils/cmsis/samg/samg55/source/templates/gcc/startup_samg55.o
 .debug_info    0x00018ae6      0x53e src/ASF/sam/utils/cmsis/samg/samg55/source/templates/system_samg55.o
 .debug_info    0x00019024      0xdb0 src/ASF/sam/utils/syscalls/gcc/syscalls.o
 .debug_info    0x00019dd4      0xe7a src/ASF/thirdparty/fatfs/fatfs-port-r0.09/diskio.o
 .debug_info    0x0001ac4e      0xc50 src/ASF/thirdparty/fatfs/fatfs-port-r0.09/sam/fattime_rtc.o
 .debug_info    0x0001b89e     0x33c0 src/ASF/thirdparty/fatfs/fatfs-r0.09/src/ff.o
 .debug_info    0x0001ec5e      0x16d src/ASF/thirdparty/fatfs/fatfs-r0.09/src/option/ccsbcs.o
 .debug_info    0x0001edcb     0x1efa src/example.o

.debug_abbrev   0x00000000     0x4b5e
 .debug_abbrev  0x00000000      0x479 src/ASF/common/components/memory/sd_mmc/sd_mmc.o
 .debug_abbrev  0x00000479      0x2ec src/ASF/common/components/memory/sd_mmc/sd_mmc_mem.o
 .debug_abbrev  0x00000765      0x3c3 src/ASF/common/components/memory/sd_mmc/sd_mmc_spi.o
 .debug_abbrev  0x00000b28      0x351 src/ASF/common/services/clock/samg/sysclk.o
 .debug_abbrev  0x00000e79      0x1b3 src/ASF/common/services/delay/sam/cycle_counter.o
 .debug_abbrev  0x0000102c      0x1b2 src/ASF/common/services/sleepmgr/sam/sleepmgr.o
 .debug_abbrev  0x000011de      0x3e4 src/ASF/common/services/spi/sam_spi/spi_master.o
 .debug_abbrev  0x000015c2      0x28c src/ASF/common/services/storage/ctrl_access/ctrl_access.o
 .debug_abbrev  0x0000184e      0x212 src/ASF/common/utils/interrupt/interrupt_sam_nvic.o
 .debug_abbrev  0x00001a60      0x1fe src/ASF/common/utils/stdio/read.o
 .debug_abbrev  0x00001c5e      0x1e9 src/ASF/common/utils/stdio/write.o
 .debug_abbrev  0x00001e47      0x2e4 src/ASF/sam/boards/samg55_xplained_pro/board_init.o
 .debug_abbrev  0x0000212b      0x3a9 src/ASF/sam/drivers/efc/efc.o
 .debug_abbrev  0x000024d4      0x372 src/ASF/sam/drivers/flexcom/flexcom.o
 .debug_abbrev  0x00002846      0x35c src/ASF/sam/drivers/pmc/pmc.o
 .debug_abbrev  0x00002ba2      0x2e3 src/ASF/sam/drivers/rtc/rtc.o
 .debug_abbrev  0x00002e85      0x3b2 src/ASF/sam/drivers/spi/spi.o
 .debug_abbrev  0x00003237      0x24e src/ASF/sam/drivers/supc/supc.o
 .debug_abbrev  0x00003485      0x406 src/ASF/sam/drivers/usart/usart.o
 .debug_abbrev  0x0000388b      0x2c6 src/ASF/sam/utils/cmsis/samg/samg55/source/templates/gcc/startup_samg55.o
 .debug_abbrev  0x00003b51      0x102 src/ASF/sam/utils/cmsis/samg/samg55/source/templates/system_samg55.o
 .debug_abbrev  0x00003c53      0x264 src/ASF/sam/utils/syscalls/gcc/syscalls.o
 .debug_abbrev  0x00003eb7      0x2e4 src/ASF/thirdparty/fatfs/fatfs-port-r0.09/diskio.o
 .debug_abbrev  0x0000419b      0x1fa src/ASF/thirdparty/fatfs/fatfs-port-r0.09/sam/fattime_rtc.o
 .debug_abbrev  0x00004395      0x321 src/ASF/thirdparty/fatfs/fatfs-r0.09/src/ff.o
 .debug_abbrev  0x000046b6       0xc7 src/ASF/thirdparty/fatfs/fatfs-r0.09/src/option/ccsbcs.o
 .debug_abbrev  0x0000477d      0x3e1 src/example.o

.debug_loc      0x00000000     0xe5dc
 .debug_loc     0x00000000     0x197f src/ASF/common/components/memory/sd_mmc/sd_mmc.o
 .debug_loc     0x0000197f      0x5ff src/ASF/common/components/memory/sd_mmc/sd_mmc_mem.o
 .debug_loc     0x00001f7e      0x8b8 src/ASF/common/components/memory/sd_mmc/sd_mmc_spi.o
 .debug_loc     0x00002836      0x21a src/ASF/common/services/clock/samg/sysclk.o
 .debug_loc     0x00002a50      0xab0 src/ASF/common/services/spi/sam_spi/spi_master.o
 .debug_loc     0x00003500      0x3d6 src/ASF/common/services/storage/ctrl_access/ctrl_access.o
 .debug_loc     0x000038d6       0xb3 src/ASF/common/utils/stdio/read.o
 .debug_loc     0x00003989      0x12b src/ASF/common/utils/stdio/write.o
 .debug_loc     0x00003ab4      0x35c src/ASF/sam/boards/samg55_xplained_pro/board_init.o
 .debug_loc     0x00003e10      0x5bf src/ASF/sam/drivers/efc/efc.o
 .debug_loc     0x000043cf      0x3c6 src/ASF/sam/drivers/flexcom/flexcom.o
 .debug_loc     0x00004795      0xc7c src/ASF/sam/drivers/pmc/pmc.o
 .debug_loc     0x00005411      0x9ce src/ASF/sam/drivers/rtc/rtc.o
 .debug_loc     0x00005ddf      0x82c src/ASF/sam/drivers/spi/spi.o
 .debug_loc     0x0000660b      0x1a0 src/ASF/sam/drivers/supc/supc.o
 .debug_loc     0x000067ab      0xff7 src/ASF/sam/drivers/usart/usart.o
 .debug_loc     0x000077a2       0x77 src/ASF/sam/utils/cmsis/samg/samg55/source/templates/gcc/startup_samg55.o
 .debug_loc     0x00007819       0xfd src/ASF/sam/utils/syscalls/gcc/syscalls.o
 .debug_loc     0x00007916      0x5a3 src/ASF/thirdparty/fatfs/fatfs-port-r0.09/diskio.o
 .debug_loc     0x00007eb9       0x5d src/ASF/thirdparty/fatfs/fatfs-port-r0.09/sam/fattime_rtc.o
 .debug_loc     0x00007f16     0x5f20 src/ASF/thirdparty/fatfs/fatfs-r0.09/src/ff.o
 .debug_loc     0x0000de36      0x12d src/ASF/thirdparty/fatfs/fatfs-r0.09/src/option/ccsbcs.o
 .debug_loc     0x0000df63      0x679 src/example.o

.debug_aranges  0x00000000      0xe48
 .debug_aranges
                0x00000000       0xd0 src/ASF/common/components/memory/sd_mmc/sd_mmc.o
 .debug_aranges
                0x000000d0       0xc0 src/ASF/common/components/memory/sd_mmc/sd_mmc_mem.o
 .debug_aranges
                0x00000190       0xb0 src/ASF/common/components/memory/sd_mmc/sd_mmc_spi.o
 .debug_aranges
                0x00000240       0x40 src/ASF/common/services/clock/samg/sysclk.o
 .debug_aranges
                0x00000280       0x20 src/ASF/common/services/delay/sam/cycle_counter.o
 .debug_aranges
                0x000002a0       0x18 src/ASF/common/services/sleepmgr/sam/sleepmgr.o
 .debug_aranges
                0x000002b8       0x50 src/ASF/common/services/spi/sam_spi/spi_master.o
 .debug_aranges
                0x00000308       0x70 src/ASF/common/services/storage/ctrl_access/ctrl_access.o
 .debug_aranges
                0x00000378       0x28 src/ASF/common/utils/interrupt/interrupt_sam_nvic.o
 .debug_aranges
                0x000003a0       0x20 src/ASF/common/utils/stdio/read.o
 .debug_aranges
                0x000003c0       0x20 src/ASF/common/utils/stdio/write.o
 .debug_aranges
                0x000003e0       0x20 src/ASF/sam/boards/samg55_xplained_pro/board_init.o
 .debug_aranges
                0x00000400       0x90 src/ASF/sam/drivers/efc/efc.o
 .debug_aranges
                0x00000490       0x48 src/ASF/sam/drivers/flexcom/flexcom.o
 .debug_aranges
                0x000004d8      0x240 src/ASF/sam/drivers/pmc/pmc.o
 .debug_aranges
                0x00000718       0xd0 src/ASF/sam/drivers/rtc/rtc.o
 .debug_aranges
                0x000007e8       0x90 src/ASF/sam/drivers/spi/spi.o
 .debug_aranges
                0x00000878       0x98 src/ASF/sam/drivers/supc/supc.o
 .debug_aranges
                0x00000910      0x258 src/ASF/sam/drivers/usart/usart.o
 .debug_aranges
                0x00000b68       0x28 src/ASF/sam/utils/cmsis/samg/samg55/source/templates/gcc/startup_samg55.o
 .debug_aranges
                0x00000b90       0x30 src/ASF/sam/utils/cmsis/samg/samg55/source/templates/system_samg55.o
 .debug_aranges
                0x00000bc0       0x60 src/ASF/sam/utils/syscalls/gcc/syscalls.o
 .debug_aranges
                0x00000c20       0x40 src/ASF/thirdparty/fatfs/fatfs-port-r0.09/diskio.o
 .debug_aranges
                0x00000c60       0x20 src/ASF/thirdparty/fatfs/fatfs-port-r0.09/sam/fattime_rtc.o
 .debug_aranges
                0x00000c80      0x170 src/ASF/thirdparty/fatfs/fatfs-r0.09/src/ff.o
 .debug_aranges
                0x00000df0       0x28 src/ASF/thirdparty/fatfs/fatfs-r0.09/src/option/ccsbcs.o
 .debug_aranges
                0x00000e18       0x30 src/example.o

.debug_ranges   0x00000000      0xfb8
 .debug_ranges  0x00000000      0x230 src/ASF/common/components/memory/sd_mmc/sd_mmc.o
 .debug_ranges  0x00000230       0xb0 src/ASF/common/components/memory/sd_mmc/sd_mmc_mem.o
 .debug_ranges  0x000002e0       0xa0 src/ASF/common/components/memory/sd_mmc/sd_mmc_spi.o
 .debug_ranges  0x00000380       0x30 src/ASF/common/services/clock/samg/sysclk.o
 .debug_ranges  0x000003b0       0x10 src/ASF/common/services/delay/sam/cycle_counter.o
 .debug_ranges  0x000003c0       0x88 src/ASF/common/services/spi/sam_spi/spi_master.o
 .debug_ranges  0x00000448       0x60 src/ASF/common/services/storage/ctrl_access/ctrl_access.o
 .debug_ranges  0x000004a8       0x18 src/ASF/common/utils/interrupt/interrupt_sam_nvic.o
 .debug_ranges  0x000004c0       0x10 src/ASF/common/utils/stdio/read.o
 .debug_ranges  0x000004d0       0x10 src/ASF/common/utils/stdio/write.o
 .debug_ranges  0x000004e0       0x10 src/ASF/sam/boards/samg55_xplained_pro/board_init.o
 .debug_ranges  0x000004f0       0x80 src/ASF/sam/drivers/efc/efc.o
 .debug_ranges  0x00000570       0x68 src/ASF/sam/drivers/flexcom/flexcom.o
 .debug_ranges  0x000005d8      0x230 src/ASF/sam/drivers/pmc/pmc.o
 .debug_ranges  0x00000808       0xc0 src/ASF/sam/drivers/rtc/rtc.o
 .debug_ranges  0x000008c8       0x80 src/ASF/sam/drivers/spi/spi.o
 .debug_ranges  0x00000948       0x88 src/ASF/sam/drivers/supc/supc.o
 .debug_ranges  0x000009d0      0x248 src/ASF/sam/drivers/usart/usart.o
 .debug_ranges  0x00000c18       0x18 src/ASF/sam/utils/cmsis/samg/samg55/source/templates/gcc/startup_samg55.o
 .debug_ranges  0x00000c30       0x20 src/ASF/sam/utils/cmsis/samg/samg55/source/templates/system_samg55.o
 .debug_ranges  0x00000c50       0x50 src/ASF/sam/utils/syscalls/gcc/syscalls.o
 .debug_ranges  0x00000ca0       0x48 src/ASF/thirdparty/fatfs/fatfs-port-r0.09/diskio.o
 .debug_ranges  0x00000ce8       0x10 src/ASF/thirdparty/fatfs/fatfs-port-r0.09/sam/fattime_rtc.o
 .debug_ranges  0x00000cf8      0x258 src/ASF/thirdparty/fatfs/fatfs-r0.09/src/ff.o
 .debug_ranges  0x00000f50       0x18 src/ASF/thirdparty/fatfs/fatfs-r0.09/src/option/ccsbcs.o
 .debug_ranges  0x00000f68       0x50 src/example.o

.debug_macro    0x00000000    0x1b31e
 .debug_macro   0x00000000      0x7be src/ASF/common/components/memory/sd_mmc/sd_mmc.o
 .debug_macro   0x000007be      0x8d4 src/ASF/common/components/memory/sd_mmc/sd_mmc.o
 .debug_macro   0x00001092       0x22 src/ASF/common/components/memory/sd_mmc/sd_mmc.o
 .debug_macro   0x000010b4       0x52 src/ASF/common/components/memory/sd_mmc/sd_mmc.o
 .debug_macro   0x00001106       0x8d src/ASF/common/components/memory/sd_mmc/sd_mmc.o
 .debug_macro   0x00001193       0x35 src/ASF/common/components/memory/sd_mmc/sd_mmc.o
 .debug_macro   0x000011c8       0x9c src/ASF/common/components/memory/sd_mmc/sd_mmc.o
 .debug_macro   0x00001264      0x16d src/ASF/common/components/memory/sd_mmc/sd_mmc.o
 .debug_macro   0x000013d1       0x57 src/ASF/common/components/memory/sd_mmc/sd_mmc.o
 .debug_macro   0x00001428       0x58 src/ASF/common/components/memory/sd_mmc/sd_mmc.o
 .debug_macro   0x00001480       0x1f src/ASF/common/components/memory/sd_mmc/sd_mmc.o
 .debug_macro   0x0000149f       0x43 src/ASF/common/components/memory/sd_mmc/sd_mmc.o
 .debug_macro   0x000014e2       0x20 src/ASF/common/components/memory/sd_mmc/sd_mmc.o
 .debug_macro   0x00001502      0x187 src/ASF/common/components/memory/sd_mmc/sd_mmc.o
 .debug_macro   0x00001689      0x353 src/ASF/common/components/memory/sd_mmc/sd_mmc.o
 .debug_macro   0x000019dc       0x10 src/ASF/common/components/memory/sd_mmc/sd_mmc.o
 .debug_macro   0x000019ec       0x35 src/ASF/common/components/memory/sd_mmc/sd_mmc.o
 .debug_macro   0x00001a21       0x22 src/ASF/common/components/memory/sd_mmc/sd_mmc.o
 .debug_macro   0x00001a43      0x64b src/ASF/common/components/memory/sd_mmc/sd_mmc.o
 .debug_macro   0x0000208e       0x76 src/ASF/common/components/memory/sd_mmc/sd_mmc.o
 .debug_macro   0x00002104       0x16 src/ASF/common/components/memory/sd_mmc/sd_mmc.o
 .debug_macro   0x0000211a      0x6e4 src/ASF/common/components/memory/sd_mmc/sd_mmc.o
 .debug_macro   0x000027fe       0xef src/ASF/common/components/memory/sd_mmc/sd_mmc.o
 .debug_macro   0x000028ed       0x6a src/ASF/common/components/memory/sd_mmc/sd_mmc.o
 .debug_macro   0x00002957      0x1df src/ASF/common/components/memory/sd_mmc/sd_mmc.o
 .debug_macro   0x00002b36       0x27 src/ASF/common/components/memory/sd_mmc/sd_mmc.o
 .debug_macro   0x00002b5d       0x3b src/ASF/common/components/memory/sd_mmc/sd_mmc.o
 .debug_macro   0x00002b98       0x2d src/ASF/common/components/memory/sd_mmc/sd_mmc.o
 .debug_macro   0x00002bc5       0x26 src/ASF/common/components/memory/sd_mmc/sd_mmc.o
 .debug_macro   0x00002beb      0xd39 src/ASF/common/components/memory/sd_mmc/sd_mmc.o
 .debug_macro   0x00003924      0x7a4 src/ASF/common/components/memory/sd_mmc/sd_mmc.o
 .debug_macro   0x000040c8      0x19e src/ASF/common/components/memory/sd_mmc/sd_mmc.o
 .debug_macro   0x00004266      0x13e src/ASF/common/components/memory/sd_mmc/sd_mmc.o
 .debug_macro   0x000043a4       0xbe src/ASF/common/components/memory/sd_mmc/sd_mmc.o
 .debug_macro   0x00004462      0x11e src/ASF/common/components/memory/sd_mmc/sd_mmc.o
 .debug_macro   0x00004580       0x4c src/ASF/common/components/memory/sd_mmc/sd_mmc.o
 .debug_macro   0x000045cc       0x1c src/ASF/common/components/memory/sd_mmc/sd_mmc.o
 .debug_macro   0x000045e8      0x3bf src/ASF/common/components/memory/sd_mmc/sd_mmc.o
 .debug_macro   0x000049a7      0x31f src/ASF/common/components/memory/sd_mmc/sd_mmc.o
 .debug_macro   0x00004cc6      0x15e src/ASF/common/components/memory/sd_mmc/sd_mmc.o
 .debug_macro   0x00004e24       0xee src/ASF/common/components/memory/sd_mmc/sd_mmc.o
 .debug_macro   0x00004f12      0x1ff src/ASF/common/components/memory/sd_mmc/sd_mmc.o
 .debug_macro   0x00005111     0x25e8 src/ASF/common/components/memory/sd_mmc/sd_mmc.o
 .debug_macro   0x000076f9      0xc32 src/ASF/common/components/memory/sd_mmc/sd_mmc.o
 .debug_macro   0x0000832b       0xa6 src/ASF/common/components/memory/sd_mmc/sd_mmc.o
 .debug_macro   0x000083d1      0x37c src/ASF/common/components/memory/sd_mmc/sd_mmc.o
 .debug_macro   0x0000874d       0xee src/ASF/common/components/memory/sd_mmc/sd_mmc.o
 .debug_macro   0x0000883b      0x436 src/ASF/common/components/memory/sd_mmc/sd_mmc.o
 .debug_macro   0x00008c71      0x710 src/ASF/common/components/memory/sd_mmc/sd_mmc.o
 .debug_macro   0x00009381      0x5c6 src/ASF/common/components/memory/sd_mmc/sd_mmc.o
 .debug_macro   0x00009947      0x65c src/ASF/common/components/memory/sd_mmc/sd_mmc.o
 .debug_macro   0x00009fa3      0x291 src/ASF/common/components/memory/sd_mmc/sd_mmc.o
 .debug_macro   0x0000a234      0x3df src/ASF/common/components/memory/sd_mmc/sd_mmc.o
 .debug_macro   0x0000a613      0x7d7 src/ASF/common/components/memory/sd_mmc/sd_mmc.o
 .debug_macro   0x0000adea       0x76 src/ASF/common/components/memory/sd_mmc/sd_mmc.o
 .debug_macro   0x0000ae60       0x82 src/ASF/common/components/memory/sd_mmc/sd_mmc.o
 .debug_macro   0x0000aee2       0x82 src/ASF/common/components/memory/sd_mmc/sd_mmc.o
 .debug_macro   0x0000af64       0x1c src/ASF/common/components/memory/sd_mmc/sd_mmc.o
 .debug_macro   0x0000af80       0xb8 src/ASF/common/components/memory/sd_mmc/sd_mmc.o
 .debug_macro   0x0000b038       0x8e src/ASF/common/components/memory/sd_mmc/sd_mmc.o
 .debug_macro   0x0000b0c6       0xac src/ASF/common/components/memory/sd_mmc/sd_mmc.o
 .debug_macro   0x0000b172       0x1c src/ASF/common/components/memory/sd_mmc/sd_mmc.o
 .debug_macro   0x0000b18e       0xb8 src/ASF/common/components/memory/sd_mmc/sd_mmc.o
 .debug_macro   0x0000b246       0x8e src/ASF/common/components/memory/sd_mmc/sd_mmc.o
 .debug_macro   0x0000b2d4       0xac src/ASF/common/components/memory/sd_mmc/sd_mmc.o
 .debug_macro   0x0000b380      0x10d src/ASF/common/components/memory/sd_mmc/sd_mmc.o
 .debug_macro   0x0000b48d       0xe2 src/ASF/common/components/memory/sd_mmc/sd_mmc.o
 .debug_macro   0x0000b56f       0x1c src/ASF/common/components/memory/sd_mmc/sd_mmc.o
 .debug_macro   0x0000b58b       0xb8 src/ASF/common/components/memory/sd_mmc/sd_mmc.o
 .debug_macro   0x0000b643       0x8e src/ASF/common/components/memory/sd_mmc/sd_mmc.o
 .debug_macro   0x0000b6d1       0xac src/ASF/common/components/memory/sd_mmc/sd_mmc.o
 .debug_macro   0x0000b77d       0x1c src/ASF/common/components/memory/sd_mmc/sd_mmc.o
 .debug_macro   0x0000b799       0xb8 src/ASF/common/components/memory/sd_mmc/sd_mmc.o
 .debug_macro   0x0000b851       0x8e src/ASF/common/components/memory/sd_mmc/sd_mmc.o
 .debug_macro   0x0000b8df       0xac src/ASF/common/components/memory/sd_mmc/sd_mmc.o
 .debug_macro   0x0000b98b       0x1c src/ASF/common/components/memory/sd_mmc/sd_mmc.o
 .debug_macro   0x0000b9a7       0xb8 src/ASF/common/components/memory/sd_mmc/sd_mmc.o
 .debug_macro   0x0000ba5f       0x8e src/ASF/common/components/memory/sd_mmc/sd_mmc.o
 .debug_macro   0x0000baed       0xac src/ASF/common/components/memory/sd_mmc/sd_mmc.o
 .debug_macro   0x0000bb99       0x1c src/ASF/common/components/memory/sd_mmc/sd_mmc.o
 .debug_macro   0x0000bbb5       0xb8 src/ASF/common/components/memory/sd_mmc/sd_mmc.o
 .debug_macro   0x0000bc6d       0x8e src/ASF/common/components/memory/sd_mmc/sd_mmc.o
 .debug_macro   0x0000bcfb       0xac src/ASF/common/components/memory/sd_mmc/sd_mmc.o
 .debug_macro   0x0000bda7       0x6a src/ASF/common/components/memory/sd_mmc/sd_mmc.o
 .debug_macro   0x0000be11       0x70 src/ASF/common/components/memory/sd_mmc/sd_mmc.o